Archive member included to satisfy reference by file (symbol)

/Applications/ArmGNUToolchain/13.3.rel1/arm-none-eabi/bin/../lib/gcc/arm-none-eabi/13.3.1/../../../../arm-none-eabi/lib/thumb/v6-m/nofp/libc_nano.a(libc_a-exit.o)
                              /Applications/ArmGNUToolchain/13.3.rel1/arm-none-eabi/bin/../lib/gcc/arm-none-eabi/13.3.1/../../../../arm-none-eabi/lib/thumb/v6-m/nofp/crt0.o (exit)
/Applications/ArmGNUToolchain/13.3.rel1/arm-none-eabi/bin/../lib/gcc/arm-none-eabi/13.3.1/../../../../arm-none-eabi/lib/thumb/v6-m/nofp/libc_nano.a(libc_a-findfp.o)
                              /Applications/ArmGNUToolchain/13.3.rel1/arm-none-eabi/bin/../lib/gcc/arm-none-eabi/13.3.1/../../../../arm-none-eabi/lib/thumb/v6-m/nofp/libc_nano.a(libc_a-exit.o) (__stdio_exit_handler)
/Applications/ArmGNUToolchain/13.3.rel1/arm-none-eabi/bin/../lib/gcc/arm-none-eabi/13.3.1/../../../../arm-none-eabi/lib/thumb/v6-m/nofp/libc_nano.a(libc_a-fwalk.o)
                              /Applications/ArmGNUToolchain/13.3.rel1/arm-none-eabi/bin/../lib/gcc/arm-none-eabi/13.3.1/../../../../arm-none-eabi/lib/thumb/v6-m/nofp/libc_nano.a(libc_a-findfp.o) (_fwalk_sglue)
/Applications/ArmGNUToolchain/13.3.rel1/arm-none-eabi/bin/../lib/gcc/arm-none-eabi/13.3.1/../../../../arm-none-eabi/lib/thumb/v6-m/nofp/libc_nano.a(libc_a-memset.o)
                              /Applications/ArmGNUToolchain/13.3.rel1/arm-none-eabi/bin/../lib/gcc/arm-none-eabi/13.3.1/../../../../arm-none-eabi/lib/thumb/v6-m/nofp/crt0.o (memset)
/Applications/ArmGNUToolchain/13.3.rel1/arm-none-eabi/bin/../lib/gcc/arm-none-eabi/13.3.1/../../../../arm-none-eabi/lib/thumb/v6-m/nofp/libc_nano.a(libc_a-init.o)
                              /Applications/ArmGNUToolchain/13.3.rel1/arm-none-eabi/bin/../lib/gcc/arm-none-eabi/13.3.1/../../../../arm-none-eabi/lib/thumb/v6-m/nofp/crt0.o (__libc_init_array)
/Applications/ArmGNUToolchain/13.3.rel1/arm-none-eabi/bin/../lib/gcc/arm-none-eabi/13.3.1/../../../../arm-none-eabi/lib/thumb/v6-m/nofp/libc_nano.a(libc_a-lock.o)
                              /Applications/ArmGNUToolchain/13.3.rel1/arm-none-eabi/bin/../lib/gcc/arm-none-eabi/13.3.1/../../../../arm-none-eabi/lib/thumb/v6-m/nofp/libc_nano.a(libc_a-findfp.o) (__retarget_lock_init_recursive)
/Applications/ArmGNUToolchain/13.3.rel1/arm-none-eabi/bin/../lib/gcc/arm-none-eabi/13.3.1/../../../../arm-none-eabi/lib/thumb/v6-m/nofp/libc_nano.a(libc_a-impure.o)
                              /Applications/ArmGNUToolchain/13.3.rel1/arm-none-eabi/bin/../lib/gcc/arm-none-eabi/13.3.1/../../../../arm-none-eabi/lib/thumb/v6-m/nofp/libc_nano.a(libc_a-findfp.o) (_impure_data)
/Applications/ArmGNUToolchain/13.3.rel1/arm-none-eabi/bin/../lib/gcc/arm-none-eabi/13.3.1/../../../../arm-none-eabi/lib/thumb/v6-m/nofp/libc_nano.a(libc_a-mallocr.o)
                              /Applications/ArmGNUToolchain/13.3.rel1/arm-none-eabi/bin/../lib/gcc/arm-none-eabi/13.3.1/../../../../arm-none-eabi/lib/thumb/v6-m/nofp/libc_nano.a(libc_a-findfp.o) (_malloc_r)
/Applications/ArmGNUToolchain/13.3.rel1/arm-none-eabi/bin/../lib/gcc/arm-none-eabi/13.3.1/../../../../arm-none-eabi/lib/thumb/v6-m/nofp/libc_nano.a(libc_a-fflush.o)
                              /Applications/ArmGNUToolchain/13.3.rel1/arm-none-eabi/bin/../lib/gcc/arm-none-eabi/13.3.1/../../../../arm-none-eabi/lib/thumb/v6-m/nofp/libc_nano.a(libc_a-findfp.o) (_fflush_r)
/Applications/ArmGNUToolchain/13.3.rel1/arm-none-eabi/bin/../lib/gcc/arm-none-eabi/13.3.1/../../../../arm-none-eabi/lib/thumb/v6-m/nofp/libc_nano.a(libc_a-mlock.o)
                              /Applications/ArmGNUToolchain/13.3.rel1/arm-none-eabi/bin/../lib/gcc/arm-none-eabi/13.3.1/../../../../arm-none-eabi/lib/thumb/v6-m/nofp/libc_nano.a(libc_a-mallocr.o) (__malloc_lock)
/Applications/ArmGNUToolchain/13.3.rel1/arm-none-eabi/bin/../lib/gcc/arm-none-eabi/13.3.1/../../../../arm-none-eabi/lib/thumb/v6-m/nofp/libc_nano.a(libc_a-stdio.o)
                              /Applications/ArmGNUToolchain/13.3.rel1/arm-none-eabi/bin/../lib/gcc/arm-none-eabi/13.3.1/../../../../arm-none-eabi/lib/thumb/v6-m/nofp/libc_nano.a(libc_a-findfp.o) (__sread)
/Applications/ArmGNUToolchain/13.3.rel1/arm-none-eabi/bin/../lib/gcc/arm-none-eabi/13.3.1/../../../../arm-none-eabi/lib/thumb/v6-m/nofp/libc_nano.a(libc_a-lseekr.o)
                              /Applications/ArmGNUToolchain/13.3.rel1/arm-none-eabi/bin/../lib/gcc/arm-none-eabi/13.3.1/../../../../arm-none-eabi/lib/thumb/v6-m/nofp/libc_nano.a(libc_a-stdio.o) (_lseek_r)
/Applications/ArmGNUToolchain/13.3.rel1/arm-none-eabi/bin/../lib/gcc/arm-none-eabi/13.3.1/../../../../arm-none-eabi/lib/thumb/v6-m/nofp/libc_nano.a(libc_a-readr.o)
                              /Applications/ArmGNUToolchain/13.3.rel1/arm-none-eabi/bin/../lib/gcc/arm-none-eabi/13.3.1/../../../../arm-none-eabi/lib/thumb/v6-m/nofp/libc_nano.a(libc_a-stdio.o) (_read_r)
[...]
Memory Configuration

Name             Origin             Length             Attributes
RAM              0x20000000         0x00000c00         xrw
FLASH            0x08000000         0x00005000         xr
*default*        0x00000000         0xffffffff

Linker script and memory map

LOAD /Applications/ArmGNUToolchain/13.3.rel1/arm-none-eabi/bin/../lib/gcc/arm-none-eabi/13.3.1/thumb/v6-m/nofp/crti.o
LOAD /Applications/ArmGNUToolchain/13.3.rel1/arm-none-eabi/bin/../lib/gcc/arm-none-eabi/13.3.1/thumb/v6-m/nofp/crtbegin.o
LOAD /Applications/ArmGNUToolchain/13.3.rel1/arm-none-eabi/bin/../lib/gcc/arm-none-eabi/13.3.1/../../../../arm-none-eabi/lib/thumb/v6-m/nofp/crt0.o
LOAD /Applications/ArmGNUToolchain/13.3.rel1/arm-none-eabi/bin/../lib/gcc/arm-none-eabi/13.3.1/../../../../arm-none-eabi/lib/thumb/v6-m/nofp/libc_nano.a
LOAD /Applications/ArmGNUToolchain/13.3.rel1/arm-none-eabi/bin/../lib/gcc/arm-none-eabi/13.3.1/../../../../arm-none-eabi/lib/thumb/v6-m/nofp/libm.a
LOAD ./Build/User/main.o
LOAD ./Build/User/py32f0xx_it.o
LOAD ./Build/Libraries/PY32F0xx_LL_Driver/Src/py32f0xx_ll_pwr.o
LOAD ./Build/Libraries/PY32F0xx_LL_Driver/Src/py32f0xx_ll_comp.o
LOAD ./Build/Libraries/PY32F0xx_LL_Driver/Src/py32f0xx_ll_dma.o
LOAD ./Build/Libraries/PY32F0xx_LL_Driver/Src/py32f0xx_ll_gpio.o
LOAD ./Build/Libraries/PY32F0xx_LL_Driver/Src/py32f0xx_ll_lptim.o
LOAD ./Build/Libraries/PY32F0xx_LL_Driver/Src/py32f0xx_ll_adc.o
LOAD ./Build/Libraries/PY32F0xx_LL_Driver/Src/py32f0xx_ll_flash.o
LOAD ./Build/Libraries/PY32F0xx_LL_Driver/Src/py32f0xx_ll_crc.o
LOAD ./Build/Libraries/PY32F0xx_LL_Driver/Src/py32f0xx_ll_spi.o
LOAD ./Build/Libraries/PY32F0xx_LL_Driver/Src/py32f0xx_ll_tim.o
LOAD ./Build/Libraries/PY32F0xx_LL_Driver/Src/py32f0xx_ll_exti.o
LOAD ./Build/Libraries/PY32F0xx_LL_Driver/Src/py32f0xx_ll_rtc.o
LOAD ./Build/Libraries/PY32F0xx_LL_Driver/Src/py32f0xx_ll_led.o
LOAD ./Build/Libraries/PY32F0xx_LL_Driver/Src/py32f0xx_ll_usart.o
LOAD ./Build/Libraries/PY32F0xx_LL_Driver/Src/py32f0xx_ll_i2c.o
LOAD ./Build/Libraries/PY32F0xx_LL_Driver/Src/py32f0xx_ll_rcc.o
LOAD ./Build/Libraries/PY32F0xx_LL_Driver/Src/py32f0xx_ll_utils.o
LOAD ./Build/Libraries/PY32F0xx_LL_BSP/Src/py32f0xx_bsp_printf.o
LOAD ./Build/Libraries/PY32F0xx_LL_BSP/Src/py32f0xx_bsp_clock.o
LOAD ./Build/Libraries/PY32F0xx_LL_BSP/Src/py32f0xx_bsp_led.o
LOAD ./Build/Libraries/CMSIS/Device/PY32F0xx/Source/system_py32f0xx.o
LOAD ./Build/Libraries/CMSIS/Device/PY32F0xx/Source/gcc/startup_py32f002a.o
START GROUP
LOAD /Applications/ArmGNUToolchain/13.3.rel1/arm-none-eabi/bin/../lib/gcc/arm-none-eabi/13.3.1/thumb/v6-m/nofp/libgcc.a
LOAD /Applications/ArmGNUToolchain/13.3.rel1/arm-none-eabi/bin/../lib/gcc/arm-none-eabi/13.3.1/../../../../arm-none-eabi/lib/thumb/v6-m/nofp/libc_nano.a
END GROUP
START GROUP
LOAD /Applications/ArmGNUToolchain/13.3.rel1/arm-none-eabi/bin/../lib/gcc/arm-none-eabi/13.3.1/thumb/v6-m/nofp/libgcc.a
LOAD /Applications/ArmGNUToolchain/13.3.rel1/arm-none-eabi/bin/../lib/gcc/arm-none-eabi/13.3.1/../../../../arm-none-eabi/lib/thumb/v6-m/nofp/libc_nano.a
LOAD /Applications/ArmGNUToolchain/13.3.rel1/arm-none-eabi/bin/../lib/gcc/arm-none-eabi/13.3.1/../../../../arm-none-eabi/lib/thumb/v6-m/nofp/libnosys.a
END GROUP
START GROUP
LOAD /Applications/ArmGNUToolchain/13.3.rel1/arm-none-eabi/bin/../lib/gcc/arm-none-eabi/13.3.1/thumb/v6-m/nofp/libgcc.a
LOAD /Applications/ArmGNUToolchain/13.3.rel1/arm-none-eabi/bin/../lib/gcc/arm-none-eabi/13.3.1/../../../../arm-none-eabi/lib/thumb/v6-m/nofp/libc_nano.a
LOAD /Applications/ArmGNUToolchain/13.3.rel1/arm-none-eabi/bin/../lib/gcc/arm-none-eabi/13.3.1/../../../../arm-none-eabi/lib/thumb/v6-m/nofp/libnosys.a
END GROUP
LOAD /Applications/ArmGNUToolchain/13.3.rel1/arm-none-eabi/bin/../lib/gcc/arm-none-eabi/13.3.1/thumb/v6-m/nofp/crtend.o
LOAD /Applications/ArmGNUToolchain/13.3.rel1/arm-none-eabi/bin/../lib/gcc/arm-none-eabi/13.3.1/thumb/v6-m/nofp/crtn.o
                0x20000c00                        _estack = (ORIGIN (RAM) + LENGTH (RAM))
                0x00000100                        _Min_Heap_Size = 0x100
                0x00000200                        _Min_Stack_Size = 0x200

.ram_vector     0x20000000       0xc0
 *(.ram_vector)
 .ram_vector    0x20000000       0xc0 ./Build/Libraries/CMSIS/Device/PY32F0xx/Source/system_py32f0xx.o

.isr_vector     0x08000000       0xc0
                0x08000000                        . = ALIGN (0x4)
 *(.isr_vector)
 .isr_vector    0x08000000       0xc0 ./Build/Libraries/CMSIS/Device/PY32F0xx/Source/gcc/startup_py32f002a.o
                0x08000000                g_pfnVectors
                0x080000c0                        . = ALIGN (0x4)

.text           0x080000c0     0x1fc4
                0x080000c0                        . = ALIGN (0x4)
 *(.text)
 .text          0x080000c0      0x114 /Applications/ArmGNUToolchain/13.3.rel1/arm-none-eabi/bin/../lib/gcc/arm-none-eabi/13.3.1/thumb/v6-m/nofp/libgcc.a(_udivsi3.o)
                0x080000c0                __udivsi3
                0x080000c0                __aeabi_uidiv
                0x080001cc                __aeabi_uidivmod
 .text          0x080001d4      0x1d4 /Applications/ArmGNUToolchain/13.3.rel1/arm-none-eabi/bin/../lib/gcc/arm-none-eabi/13.3.1/thumb/v6-m/nofp/libgcc.a(_divsi3.o)
                0x080001d4                __aeabi_idiv
                0x080001d4                __divsi3
                0x080003a0                __aeabi_idivmod
 .text          0x080003a8        0x4 /Applications/ArmGNUToolchain/13.3.rel1/arm-none-eabi/bin/../lib/gcc/arm-none-eabi/13.3.1/thumb/v6-m/nofp/libgcc.a(_dvmd_tls.o)
                0x080003a8                __aeabi_ldiv0
                0x080003a8                __aeabi_idiv0
 .text          0x080003ac       0x14 /Applications/ArmGNUToolchain/13.3.rel1/arm-none-eabi/bin/../lib/gcc/arm-none-eabi/13.3.1/thumb/v6-m/nofp/libgcc.a(_thumb1_case_shi.o)
                0x080003ac                __gnu_thumb1_case_shi
 *(.text*)
 .text.deregister_tm_clones
                0x080003c0       0x20 /Applications/ArmGNUToolchain/13.3.rel1/arm-none-eabi/bin/../lib/gcc/arm-none-eabi/13.3.1/thumb/v6-m/nofp/crtbegin.o
 .text.register_tm_clones
                0x080003e0       0x28 /Applications/ArmGNUToolchain/13.3.rel1/arm-none-eabi/bin/../lib/gcc/arm-none-eabi/13.3.1/thumb/v6-m/nofp/crtbegin.o
 .text.__do_global_dtors_aux
                0x08000408       0x2c /Applications/ArmGNUToolchain/13.3.rel1/arm-none-eabi/bin/../lib/gcc/arm-none-eabi/13.3.1/thumb/v6-m/nofp/crtbegin.o
 .text.frame_dummy
                0x08000434       0x24 /Applications/ArmGNUToolchain/13.3.rel1/arm-none-eabi/bin/../lib/gcc/arm-none-eabi/13.3.1/thumb/v6-m/nofp/crtbegin.o
 .text.std      0x08000458       0x6c /Applications/ArmGNUToolchain/13.3.rel1/arm-none-eabi/bin/../lib/gcc/arm-none-eabi/13.3.1/../../../../arm-none-eabi/lib/thumb/v6-m/nofp/libc_nano.a(libc_a-findfp.o)
 .text.stdio_exit_handler
                0x080004c4       0x1c /Applications/ArmGNUToolchain/13.3.rel1/arm-none-eabi/bin/../lib/gcc/arm-none-eabi/13.3.1/../../../../arm-none-eabi/lib/thumb/v6-m/nofp/libc_nano.a(libc_a-findfp.o)
 .text.cleanup_stdio
                0x080004e0       0x3c /Applications/ArmGNUToolchain/13.3.rel1/arm-none-eabi/bin/../lib/gcc/arm-none-eabi/13.3.1/../../../../arm-none-eabi/lib/thumb/v6-m/nofp/libc_nano.a(libc_a-findfp.o)
 .text.global_stdio_init.part.0
                0x0800051c       0x3c /Applications/ArmGNUToolchain/13.3.rel1/arm-none-eabi/bin/../lib/gcc/arm-none-eabi/13.3.1/../../../../arm-none-eabi/lib/thumb/v6-m/nofp/libc_nano.a(libc_a-findfp.o)
 .text.__sfp_lock_acquire
                0x08000558       0x10 /Applications/ArmGNUToolchain/13.3.rel1/arm-none-eabi/bin/../lib/gcc/arm-none-eabi/13.3.1/../../../../arm-none-eabi/lib/thumb/v6-m/nofp/libc_nano.a(libc_a-findfp.o)
                0x08000558                __sfp_lock_acquire
 .text.__sfp_lock_release
                0x08000568       0x10 /Applications/ArmGNUToolchain/13.3.rel1/arm-none-eabi/bin/../lib/gcc/arm-none-eabi/13.3.1/../../../../arm-none-eabi/lib/thumb/v6-m/nofp/libc_nano.a(libc_a-findfp.o)
                0x08000568                __sfp_lock_release
 .text.__sinit  0x08000578       0x30 /Applications/ArmGNUToolchain/13.3.rel1/arm-none-eabi/bin/../lib/gcc/arm-none-eabi/13.3.1/../../../../arm-none-eabi/lib/thumb/v6-m/nofp/libc_nano.a(libc_a-findfp.o)
                0x08000578                __sinit
 .text._fwalk_sglue
                0x080005a8       0x38 /Applications/ArmGNUToolchain/13.3.rel1/arm-none-eabi/bin/../lib/gcc/arm-none-eabi/13.3.1/../../../../arm-none-eabi/lib/thumb/v6-m/nofp/libc_nano.a(libc_a-fwalk.o)
                0x080005a8                _fwalk_sglue
 .text.memset   0x080005e0       0x10 /Applications/ArmGNUToolchain/13.3.rel1/arm-none-eabi/bin/../lib/gcc/arm-none-eabi/13.3.1/../../../../arm-none-eabi/lib/thumb/v6-m/nofp/libc_nano.a(libc_a-memset.o)
                0x080005e0                memset
 .text.__libc_init_array
                0x080005f0       0x48 /Applications/ArmGNUToolchain/13.3.rel1/arm-none-eabi/bin/../lib/gcc/arm-none-eabi/13.3.1/../../../../arm-none-eabi/lib/thumb/v6-m/nofp/libc_nano.a(libc_a-init.o)
                0x080005f0                __libc_init_array
 .text.__retarget_lock_init_recursive
                0x08000638        0x2 /Applications/ArmGNUToolchain/13.3.rel1/arm-none-eabi/bin/../lib/gcc/arm-none-eabi/13.3.1/../../../../arm-none-eabi/lib/thumb/v6-m/nofp/libc_nano.a(libc_a-lock.o)
                0x08000638                __retarget_lock_init_recursive
 .text.__retarget_lock_acquire_recursive
                0x0800063a        0x2 /Applications/ArmGNUToolchain/13.3.rel1/arm-none-eabi/bin/../lib/gcc/arm-none-eabi/13.3.1/../../../../arm-none-eabi/lib/thumb/v6-m/nofp/libc_nano.a(libc_a-lock.o)
                0x0800063a                __retarget_lock_acquire_recursive
 .text.__retarget_lock_release_recursive
                0x0800063c        0x2 /Applications/ArmGNUToolchain/13.3.rel1/arm-none-eabi/bin/../lib/gcc/arm-none-eabi/13.3.1/../../../../arm-none-eabi/lib/thumb/v6-m/nofp/libc_nano.a(libc_a-lock.o)
                0x0800063c                __retarget_lock_release_recursive
 *fill*         0x0800063e        0x2 
 .text.sbrk_aligned
                0x08000640       0x44 /Applications/ArmGNUToolchain/13.3.rel1/arm-none-eabi/bin/../lib/gcc/arm-none-eabi/13.3.1/../../../../arm-none-eabi/lib/thumb/v6-m/nofp/libc_nano.a(libc_a-mallocr.o)
 .text._malloc_r
                0x08000684      0x100 /Applications/ArmGNUToolchain/13.3.rel1/arm-none-eabi/bin/../lib/gcc/arm-none-eabi/13.3.1/../../../../arm-none-eabi/lib/thumb/v6-m/nofp/libc_nano.a(libc_a-mallocr.o)
                0x08000684                _malloc_r
 .text.__sflush_r
                0x08000784      0x10c /Applications/ArmGNUToolchain/13.3.rel1/arm-none-eabi/bin/../lib/gcc/arm-none-eabi/13.3.1/../../../../arm-none-eabi/lib/thumb/v6-m/nofp/libc_nano.a(libc_a-fflush.o)
                0x08000784                __sflush_r
 .text._fflush_r
                0x08000890       0x56 /Applications/ArmGNUToolchain/13.3.rel1/arm-none-eabi/bin/../lib/gcc/arm-none-eabi/13.3.1/../../../../arm-none-eabi/lib/thumb/v6-m/nofp/libc_nano.a(libc_a-fflush.o)
                0x08000890                _fflush_r
 *fill*         0x080008e6        0x2 
 .text.__malloc_lock
                0x080008e8       0x10 /Applications/ArmGNUToolchain/13.3.rel1/arm-none-eabi/bin/../lib/gcc/arm-none-eabi/13.3.1/../../../../arm-none-eabi/lib/thumb/v6-m/nofp/libc_nano.a(libc_a-mlock.o)
                0x080008e8                __malloc_lock
 .text.__malloc_unlock
                0x080008f8       0x10 /Applications/ArmGNUToolchain/13.3.rel1/arm-none-eabi/bin/../lib/gcc/arm-none-eabi/13.3.1/../../../../arm-none-eabi/lib/thumb/v6-m/nofp/libc_nano.a(libc_a-mlock.o)
                0x080008f8                __malloc_unlock
 .text.__sread  0x08000908       0x28 /Applications/ArmGNUToolchain/13.3.rel1/arm-none-eabi/bin/../lib/gcc/arm-none-eabi/13.3.1/../../../../arm-none-eabi/lib/thumb/v6-m/nofp/libc_nano.a(libc_a-stdio.o)
                0x08000908                __sread
 .text.__swrite
                0x08000930       0x38 /Applications/ArmGNUToolchain/13.3.rel1/arm-none-eabi/bin/../lib/gcc/arm-none-eabi/13.3.1/../../../../arm-none-eabi/lib/thumb/v6-m/nofp/libc_nano.a(libc_a-stdio.o)
                0x08000930                __swrite
 .text.__sseek  0x08000968       0x2c /Applications/ArmGNUToolchain/13.3.rel1/arm-none-eabi/bin/../lib/gcc/arm-none-eabi/13.3.1/../../../../arm-none-eabi/lib/thumb/v6-m/nofp/libc_nano.a(libc_a-stdio.o)
                0x08000968                __sseek
 .text.__sclose
                0x08000994        0xc /Applications/ArmGNUToolchain/13.3.rel1/arm-none-eabi/bin/../lib/gcc/arm-none-eabi/13.3.1/../../../../arm-none-eabi/lib/thumb/v6-m/nofp/libc_nano.a(libc_a-stdio.o)
                0x08000994                __sclose
 .text._lseek_r
                0x080009a0       0x28 /Applications/ArmGNUToolchain/13.3.rel1/arm-none-eabi/bin/../lib/gcc/arm-none-eabi/13.3.1/../../../../arm-none-eabi/lib/thumb/v6-m/nofp/libc_nano.a(libc_a-lseekr.o)
                0x080009a0                _lseek_r
 .text._read_r  0x080009c8       0x28 /Applications/ArmGNUToolchain/13.3.rel1/arm-none-eabi/bin/../lib/gcc/arm-none-eabi/13.3.1/../../../../arm-none-eabi/lib/thumb/v6-m/nofp/libc_nano.a(libc_a-readr.o)
                0x080009c8                _read_r
 .text._sbrk_r  0x080009f0       0x24 /Applications/ArmGNUToolchain/13.3.rel1/arm-none-eabi/bin/../lib/gcc/arm-none-eabi/13.3.1/../../../../arm-none-eabi/lib/thumb/v6-m/nofp/libc_nano.a(libc_a-sbrkr.o)
                0x080009f0                _sbrk_r
 .text._write_r
                0x08000a14       0x28 /Applications/ArmGNUToolchain/13.3.rel1/arm-none-eabi/bin/../lib/gcc/arm-none-eabi/13.3.1/../../../../arm-none-eabi/lib/thumb/v6-m/nofp/libc_nano.a(libc_a-writer.o)
                0x08000a14                _write_r
 .text._close_r
                0x08000a3c       0x24 /Applications/ArmGNUToolchain/13.3.rel1/arm-none-eabi/bin/../lib/gcc/arm-none-eabi/13.3.1/../../../../arm-none-eabi/lib/thumb/v6-m/nofp/libc_nano.a(libc_a-closer.o)
                0x08000a3c                _close_r
 .text._free_r  0x08000a60       0x94 /Applications/ArmGNUToolchain/13.3.rel1/arm-none-eabi/bin/../lib/gcc/arm-none-eabi/13.3.1/../../../../arm-none-eabi/lib/thumb/v6-m/nofp/libc_nano.a(libc_a-freer.o)
                0x08000a60                _free_r
 .text.APP_TIM1BaseConfig
                0x08000af4       0x7c ./Build/User/main.o
 .text.APP_PWMChannelConfig
                0x08000b70       0x6c ./Build/User/main.o
 .text.APP_I2CConfig
                0x08000bdc       0xd8 ./Build/User/main.o
 .text.touch_sense
                0x08000cb4       0x88 ./Build/User/main.o
                0x08000cb4                touch_sense
 .text.main     0x08000d3c       0xc8 ./Build/User/main.o
                0x08000d3c                main
 .text.rand     0x08000e04       0x18 ./Build/User/main.o
                0x08000e04                rand
 .text.APP_TIM1UpdateCallback
                0x08000e1c      0x154 ./Build/User/main.o
                0x08000e1c                APP_TIM1UpdateCallback
 .text.NMI_Handler
                0x08000f70        0x2 ./Build/User/py32f0xx_it.o
                0x08000f70                NMI_Handler
 .text.HardFault_Handler
                0x08000f72        0x2 ./Build/User/py32f0xx_it.o
                0x08000f72                HardFault_Handler
 .text.SVC_Handler
                0x08000f74        0x2 ./Build/User/py32f0xx_it.o
                0x08000f74                SVC_Handler
 .text.PendSV_Handler
                0x08000f76        0x2 ./Build/User/py32f0xx_it.o
                0x08000f76                PendSV_Handler
 .text.SysTick_Handler
                0x08000f78        0x2 ./Build/User/py32f0xx_it.o
                0x08000f78                SysTick_Handler
 *fill*         0x08000f7a        0x2 
 .text.TIM1_BRK_UP_TRG_COM_IRQHandler
                0x08000f7c       0x24 ./Build/User/py32f0xx_it.o
                0x08000f7c                TIM1_BRK_UP_TRG_COM_IRQHandler
 .text.FlipI2CAddr
                0x08000fa0       0x6c ./Build/User/py32f0xx_it.o
                0x08000fa0                FlipI2CAddr
 .text.ResetI2CAddr
                0x0800100c       0x2c ./Build/User/py32f0xx_it.o
                0x0800100c                ResetI2CAddr
 .text.I2C1_IRQHandler
                0x08001038       0xf4 ./Build/User/py32f0xx_it.o
                0x08001038                I2C1_IRQHandler
 .text.LL_GPIO_Init
                0x0800112c       0xae ./Build/Libraries/PY32F0xx_LL_Driver/Src/py32f0xx_ll_gpio.o
                0x0800112c                LL_GPIO_Init
 *fill*         0x080011da        0x2 
 .text.OC1Config
                0x080011dc       0x78 ./Build/Libraries/PY32F0xx_LL_Driver/Src/py32f0xx_ll_tim.o
 .text.OC2Config
                0x08001254       0x84 ./Build/Libraries/PY32F0xx_LL_Driver/Src/py32f0xx_ll_tim.o
 .text.OC3Config
                0x080012d8       0x8c ./Build/Libraries/PY32F0xx_LL_Driver/Src/py32f0xx_ll_tim.o
 .text.OC4Config
                0x08001364       0x68 ./Build/Libraries/PY32F0xx_LL_Driver/Src/py32f0xx_ll_tim.o
 .text.LL_TIM_Init
                0x080013cc       0x54 ./Build/Libraries/PY32F0xx_LL_Driver/Src/py32f0xx_ll_tim.o
                0x080013cc                LL_TIM_Init
 .text.LL_TIM_OC_Init
                0x08001420       0x40 ./Build/Libraries/PY32F0xx_LL_Driver/Src/py32f0xx_ll_tim.o
                0x08001420                LL_TIM_OC_Init
 .text.LL_I2C_ConfigSpeed
                0x08001460       0xc4 ./Build/Libraries/PY32F0xx_LL_Driver/Src/py32f0xx_ll_i2c.o
 .text.LL_I2C_Init
                0x08001524       0x4c ./Build/Libraries/PY32F0xx_LL_Driver/Src/py32f0xx_ll_i2c.o
                0x08001524                LL_I2C_Init
 .text.RCC_GetSystemClockFreq
                0x08001570       0x38 ./Build/Libraries/PY32F0xx_LL_Driver/Src/py32f0xx_ll_rcc.o
                0x08001570                RCC_GetSystemClockFreq
 .text.RCC_GetHCLKClockFreq
                0x080015a8       0x20 ./Build/Libraries/PY32F0xx_LL_Driver/Src/py32f0xx_ll_rcc.o
                0x080015a8                RCC_GetHCLKClockFreq
 .text.RCC_GetPCLK1ClockFreq
                0x080015c8       0x20 ./Build/Libraries/PY32F0xx_LL_Driver/Src/py32f0xx_ll_rcc.o
                0x080015c8                RCC_GetPCLK1ClockFreq
 .text.LL_RCC_GetSystemClocksFreq
                0x080015e8       0x18 ./Build/Libraries/PY32F0xx_LL_Driver/Src/py32f0xx_ll_rcc.o
                0x080015e8                LL_RCC_GetSystemClocksFreq
 .text.LL_Init1msTick
                0x08001600       0x20 ./Build/Libraries/PY32F0xx_LL_Driver/Src/py32f0xx_ll_utils.o
                0x08001600                LL_Init1msTick
 .text.LL_SetSystemCoreClock
                0x08001620        0xc ./Build/Libraries/PY32F0xx_LL_Driver/Src/py32f0xx_ll_utils.o
                0x08001620                LL_SetSystemCoreClock
 .text.__io_putchar
                0x0800162c       0x20 ./Build/Libraries/PY32F0xx_LL_BSP/Src/py32f0xx_bsp_printf.o
                0x0800162c                __io_putchar
 .text.__io_getchar
                0x0800164c       0x18 ./Build/Libraries/PY32F0xx_LL_BSP/Src/py32f0xx_bsp_printf.o
                0x0800164c                __io_getchar
 .text._write   0x08001664       0x1c ./Build/Libraries/PY32F0xx_LL_BSP/Src/py32f0xx_bsp_printf.o
                0x08001664                _write
 .text._read    0x08001680       0x1c ./Build/Libraries/PY32F0xx_LL_BSP/Src/py32f0xx_bsp_printf.o
                0x08001680                _read
 .text._isatty  0x0800169c       0x16 ./Build/Libraries/PY32F0xx_LL_BSP/Src/py32f0xx_bsp_printf.o
                0x0800169c                _isatty
 .text._close   0x080016b2       0x18 ./Build/Libraries/PY32F0xx_LL_BSP/Src/py32f0xx_bsp_printf.o
                0x080016b2                _close
 .text._lseek   0x080016ca       0x10 ./Build/Libraries/PY32F0xx_LL_BSP/Src/py32f0xx_bsp_printf.o
                0x080016ca                _lseek
 .text._fstat   0x080016da       0x1a ./Build/Libraries/PY32F0xx_LL_BSP/Src/py32f0xx_bsp_printf.o
                0x080016da                _fstat
 .text.BSP_RCC_HSI_24MConfig
                0x080016f4       0x98 ./Build/Libraries/PY32F0xx_LL_BSP/Src/py32f0xx_bsp_clock.o
                0x080016f4                BSP_RCC_HSI_24MConfig
 .text.SystemInit
                0x0800178c       0x4c ./Build/Libraries/CMSIS/Device/PY32F0xx/Source/system_py32f0xx.o
                0x0800178c                SystemInit
 .text.Reset_Handler
                0x080017d8       0x50 ./Build/Libraries/CMSIS/Device/PY32F0xx/Source/gcc/startup_py32f002a.o
                0x080017d8                Reset_Handler
 .text.Default_Handler
                0x08001828        0x2 ./Build/Libraries/CMSIS/Device/PY32F0xx/Source/gcc/startup_py32f002a.o
                0x08001828                LPTIM1_IRQHandler
                0x08001828                SPI1_IRQHandler
                0x08001828                EXTI2_3_IRQHandler
                0x08001828                TIM16_IRQHandler
                0x08001828                EXTI4_15_IRQHandler
                0x08001828                RCC_IRQHandler
                0x08001828                Default_Handler
                0x08001828                EXTI0_1_IRQHandler
                0x08001828                ADC_COMP_IRQHandler
                0x08001828                FLASH_IRQHandler
                0x08001828                USART1_IRQHandler
                0x08001828                TIM1_CC_IRQHandler
 *fill*         0x0800182a        0x2 
 .text.__swhatbuf_r
                0x0800182c       0x54 /Applications/ArmGNUToolchain/13.3.rel1/arm-none-eabi/bin/../lib/gcc/arm-none-eabi/13.3.1/../../../../arm-none-eabi/lib/thumb/v6-m/nofp/libc_nano.a(libc_a-makebuf.o)
                0x0800182c                __swhatbuf_r
 .text.__smakebuf_r
                0x08001880       0x82 /Applications/ArmGNUToolchain/13.3.rel1/arm-none-eabi/bin/../lib/gcc/arm-none-eabi/13.3.1/../../../../arm-none-eabi/lib/thumb/v6-m/nofp/libc_nano.a(libc_a-makebuf.o)
                0x08001880                __smakebuf_r
 *fill*         0x08001902        0x2 
 .text.printf   0x08001904       0x20 /Applications/ArmGNUToolchain/13.3.rel1/arm-none-eabi/bin/../lib/gcc/arm-none-eabi/13.3.1/../../../../arm-none-eabi/lib/thumb/v6-m/nofp/libc_nano.a(libc_a-printf.o)
                0x08001904                printf
                0x08001904                iprintf
 .text._isatty_r
                0x08001924       0x24 /Applications/ArmGNUToolchain/13.3.rel1/arm-none-eabi/bin/../lib/gcc/arm-none-eabi/13.3.1/../../../../arm-none-eabi/lib/thumb/v6-m/nofp/libc_nano.a(libc_a-isattyr.o)
                0x08001924                _isatty_r
 .text.__errno  0x08001948        0xc /Applications/ArmGNUToolchain/13.3.rel1/arm-none-eabi/bin/../lib/gcc/arm-none-eabi/13.3.1/../../../../arm-none-eabi/lib/thumb/v6-m/nofp/libc_nano.a(libc_a-errno.o)
                0x08001948                __errno
 .text._fstat_r
                0x08001954       0x24 /Applications/ArmGNUToolchain/13.3.rel1/arm-none-eabi/bin/../lib/gcc/arm-none-eabi/13.3.1/../../../../arm-none-eabi/lib/thumb/v6-m/nofp/libc_nano.a(libc_a-fstatr.o)
                0x08001954                _fstat_r
 .text.__sfputc_r
                0x08001978       0x2a /Applications/ArmGNUToolchain/13.3.rel1/arm-none-eabi/bin/../lib/gcc/arm-none-eabi/13.3.1/../../../../arm-none-eabi/lib/thumb/v6-m/nofp/libc_nano.a(libc_a-nano-vfprintf.o)
 .text.__sfputs_r
                0x080019a2       0x24 /Applications/ArmGNUToolchain/13.3.rel1/arm-none-eabi/bin/../lib/gcc/arm-none-eabi/13.3.1/../../../../arm-none-eabi/lib/thumb/v6-m/nofp/libc_nano.a(libc_a-nano-vfprintf.o)
                0x080019a2                __sfputs_r
 *fill*         0x080019c6        0x2 
 .text._vfprintf_r
                0x080019c8      0x238 /Applications/ArmGNUToolchain/13.3.rel1/arm-none-eabi/bin/../lib/gcc/arm-none-eabi/13.3.1/../../../../arm-none-eabi/lib/thumb/v6-m/nofp/libc_nano.a(libc_a-nano-vfprintf.o)
                0x080019c8                _vfiprintf_r
                0x080019c8                _vfprintf_r
 .text._printf_common
                0x08001c00       0xde /Applications/ArmGNUToolchain/13.3.rel1/arm-none-eabi/bin/../lib/gcc/arm-none-eabi/13.3.1/../../../../arm-none-eabi/lib/thumb/v6-m/nofp/libc_nano.a(libc_a-nano-vfprintf_i.o)
                0x08001c00                _printf_common
 *fill*         0x08001cde        0x2 
 .text._printf_i
                0x08001ce0      0x218 /Applications/ArmGNUToolchain/13.3.rel1/arm-none-eabi/bin/../lib/gcc/arm-none-eabi/13.3.1/../../../../arm-none-eabi/lib/thumb/v6-m/nofp/libc_nano.a(libc_a-nano-vfprintf_i.o)
                0x08001ce0                _printf_i
 .text.__swbuf_r
                0x08001ef8       0x84 /Applications/ArmGNUToolchain/13.3.rel1/arm-none-eabi/bin/../lib/gcc/arm-none-eabi/13.3.1/../../../../arm-none-eabi/lib/thumb/v6-m/nofp/libc_nano.a(libc_a-wbuf.o)
                0x08001ef8                __swbuf_r
 .text.__swsetup_r
                0x08001f7c       0xbc /Applications/ArmGNUToolchain/13.3.rel1/arm-none-eabi/bin/../lib/gcc/arm-none-eabi/13.3.1/../../../../arm-none-eabi/lib/thumb/v6-m/nofp/libc_nano.a(libc_a-wsetup.o)
                0x08001f7c                __swsetup_r
 .text.memchr   0x08002038       0x16 /Applications/ArmGNUToolchain/13.3.rel1/arm-none-eabi/bin/../lib/gcc/arm-none-eabi/13.3.1/../../../../arm-none-eabi/lib/thumb/v6-m/nofp/libc_nano.a(libc_a-memchr-stub.o)
                0x08002038                memchr
 *fill*         0x0800204e        0x2 
 .text._sbrk    0x08002050       0x1c /Applications/ArmGNUToolchain/13.3.rel1/arm-none-eabi/bin/../lib/gcc/arm-none-eabi/13.3.1/../../../../arm-none-eabi/lib/thumb/v6-m/nofp/libnosys.a(sbrk.o)
                0x08002050                _sbrk
 *(.glue_7)
 .glue_7        0x0800206c        0x0 linker stubs
 *(.glue_7t)
 .glue_7t       0x0800206c        0x0 linker stubs
 *(.eh_frame)
 .eh_frame      0x0800206c        0x0 /Applications/ArmGNUToolchain/13.3.rel1/arm-none-eabi/bin/../lib/gcc/arm-none-eabi/13.3.1/thumb/v6-m/nofp/crtbegin.o
 *(.init)
 .init          0x0800206c        0x4 /Applications/ArmGNUToolchain/13.3.rel1/arm-none-eabi/bin/../lib/gcc/arm-none-eabi/13.3.1/thumb/v6-m/nofp/crti.o
                0x0800206c                _init
 .init          0x08002070        0x8 /Applications/ArmGNUToolchain/13.3.rel1/arm-none-eabi/bin/../lib/gcc/arm-none-eabi/13.3.1/thumb/v6-m/nofp/crtn.o
 *(.fini)
 .fini          0x08002078        0x4 /Applications/ArmGNUToolchain/13.3.rel1/arm-none-eabi/bin/../lib/gcc/arm-none-eabi/13.3.1/thumb/v6-m/nofp/crti.o
                0x08002078                _fini
 .fini          0x0800207c        0x8 /Applications/ArmGNUToolchain/13.3.rel1/arm-none-eabi/bin/../lib/gcc/arm-none-eabi/13.3.1/thumb/v6-m/nofp/crtn.o
                0x08002084                        . = ALIGN (0x4)
                0x08002084                        _etext = .

.vfp11_veneer   0x08002084        0x0
 .vfp11_veneer  0x08002084        0x0 linker stubs

.v4_bx          0x08002084        0x0
 .v4_bx         0x08002084        0x0 linker stubs

.iplt           0x08002084        0x0
 .iplt          0x08002084        0x0 /Applications/ArmGNUToolchain/13.3.rel1/arm-none-eabi/bin/../lib/gcc/arm-none-eabi/13.3.1/thumb/v6-m/nofp/crtbegin.o

.rodata         0x08002084      0x4a4
                0x08002084                        . = ALIGN (0x4)
 *(.rodata)
 *(.rodata*)
 .rodata.main.str1.4
                0x08002084        0xd ./Build/User/main.o
 *fill*         0x08002091        0x3 
 .rodata.APP_TIM1UpdateCallback
                0x08002094       0x24 ./Build/User/main.o
 .rodata.halfsaw_pat
                0x080020b8       0x54 ./Build/User/main.o
                0x080020b8                halfsaw_pat
 .rodata.saw_pat
                0x0800210c       0x54 ./Build/User/main.o
                0x0800210c                saw_pat
 .rodata.sineLookupTable
                0x08002160      0x200 ./Build/User/main.o
                0x08002160                sineLookupTable
 .rodata.long_pat
                0x08002360        0x4 ./Build/User/main.o
                0x08002360                long_pat
 .rodata.triple_pat
                0x08002364       0x60 ./Build/User/main.o
                0x08002364                triple_pat
 .rodata.heart_pat
                0x080023c4       0x60 ./Build/User/main.o
                0x080023c4                heart_pat
 .rodata.memory_data
                0x08002424       0x50 ./Build/User/py32f0xx_it.o
                0x08002424                memory_data
 .rodata.HSIFreqTable
                0x08002474       0x20 ./Build/Libraries/CMSIS/Device/PY32F0xx/Source/system_py32f0xx.o
                0x08002474                HSIFreqTable
 .rodata.APBPrescTable
                0x08002494       0x20 ./Build/Libraries/CMSIS/Device/PY32F0xx/Source/system_py32f0xx.o
                0x08002494                APBPrescTable
 .rodata.AHBPrescTable
                0x080024b4       0x40 ./Build/Libraries/CMSIS/Device/PY32F0xx/Source/system_py32f0xx.o
                0x080024b4                AHBPrescTable
 .rodata._vfprintf_r.str1.1
                0x080024f4       0x33 /Applications/ArmGNUToolchain/13.3.rel1/arm-none-eabi/bin/../lib/gcc/arm-none-eabi/13.3.1/../../../../arm-none-eabi/lib/thumb/v6-m/nofp/libc_nano.a(libc_a-nano-vfprintf.o)
                                 0x11 (size before relaxing)
 .rodata._printf_i.str1.1
                0x08002527       0x22 /Applications/ArmGNUToolchain/13.3.rel1/arm-none-eabi/bin/../lib/gcc/arm-none-eabi/13.3.1/../../../../arm-none-eabi/lib/thumb/v6-m/nofp/libc_nano.a(libc_a-nano-vfprintf_i.o)
                0x0800254c                        . = ALIGN (0x4)
 *fill*         0x08002527        0x1 

.rel.dyn        0x08002528        0x0
 .rel.iplt      0x08002528        0x0 /Applications/ArmGNUToolchain/13.3.rel1/arm-none-eabi/bin/../lib/gcc/arm-none-eabi/13.3.1/thumb/v6-m/nofp/crtbegin.o

.ARM.extab
 *(.ARM.extab* .gnu.linkonce.armextab.*)

.ARM            0x08002528        0x0
                0x08002528                        __exidx_start = .
 *(.ARM.exidx*)
                0x08002528                        __exidx_end = .

.preinit_array  0x08002528        0x0
                0x08002528                        PROVIDE (__preinit_array_start = .)
 *(.preinit_array*)
                0x08002528                        PROVIDE (__preinit_array_end = .)

.init_array     0x08002528        0x4
                0x08002528                        PROVIDE (__init_array_start = .)
 *(SORT_BY_NAME(.init_array.*))
 *(.init_array*)
 .init_array    0x08002528        0x4 /Applications/ArmGNUToolchain/13.3.rel1/arm-none-eabi/bin/../lib/gcc/arm-none-eabi/13.3.1/thumb/v6-m/nofp/crtbegin.o
                0x0800252c                        PROVIDE (__init_array_end = .)

.fini_array     0x0800252c        0x4
                [!provide]                        PROVIDE (__fini_array_start = .)
 *(SORT_BY_NAME(.fini_array.*))
 *(.fini_array*)
 .fini_array    0x0800252c        0x4 /Applications/ArmGNUToolchain/13.3.rel1/arm-none-eabi/bin/../lib/gcc/arm-none-eabi/13.3.1/thumb/v6-m/nofp/crtbegin.o
                [!provide]                        PROVIDE (__fini_array_end = .)
                0x08002530                        _sidata = LOADADDR (.data)

.data           0x200000c0       0x7c load address 0x08002530
                0x200000c0                        . = ALIGN (0x4)
                0x200000c0                        _sdata = .
 *(.data)
 *(.data*)
 .data.__sglue  0x200000c0        0xc /Applications/ArmGNUToolchain/13.3.rel1/arm-none-eabi/bin/../lib/gcc/arm-none-eabi/13.3.1/../../../../arm-none-eabi/lib/thumb/v6-m/nofp/libc_nano.a(libc_a-findfp.o)
                0x200000c0                __sglue
 .data._impure_ptr
                0x200000cc        0x4 /Applications/ArmGNUToolchain/13.3.rel1/arm-none-eabi/bin/../lib/gcc/arm-none-eabi/13.3.1/../../../../arm-none-eabi/lib/thumb/v6-m/nofp/libc_nano.a(libc_a-impure.o)
                0x200000cc                _impure_ptr
 .data._impure_data
                0x200000d0       0x4c /Applications/ArmGNUToolchain/13.3.rel1/arm-none-eabi/bin/../lib/gcc/arm-none-eabi/13.3.1/../../../../arm-none-eabi/lib/thumb/v6-m/nofp/libc_nano.a(libc_a-impure.o)
                0x200000d0                _impure_data
 .data.flame    0x2000011c        0x4 ./Build/User/main.o
                0x2000011c                flame
 .data.rseed    0x20000120        0x4 ./Build/User/main.o
                0x20000120                rseed
 .data.ser_counter
                0x20000124        0x4 ./Build/User/main.o
                0x20000124                ser_counter
 .data.rand_serial
                0x20000128       0x10 ./Build/User/py32f0xx_it.o
                0x20000128                rand_serial
 .data.SystemCoreClock
                0x20000138        0x4 ./Build/Libraries/CMSIS/Device/PY32F0xx/Source/system_py32f0xx.o
                0x20000138                SystemCoreClock
                0x2000013c                        . = ALIGN (0x4)
                0x2000013c                        _edata = .

.tm_clone_table
                0x2000013c        0x0 load address 0x080025ac
 .tm_clone_table
                0x2000013c        0x0 /Applications/ArmGNUToolchain/13.3.rel1/arm-none-eabi/bin/../lib/gcc/arm-none-eabi/13.3.1/thumb/v6-m/nofp/crtbegin.o
 .tm_clone_table
                0x2000013c        0x0 /Applications/ArmGNUToolchain/13.3.rel1/arm-none-eabi/bin/../lib/gcc/arm-none-eabi/13.3.1/thumb/v6-m/nofp/crtend.o

.igot.plt       0x2000013c        0x0 load address 0x080025ac
 .igot.plt      0x2000013c        0x0 /Applications/ArmGNUToolchain/13.3.rel1/arm-none-eabi/bin/../lib/gcc/arm-none-eabi/13.3.1/thumb/v6-m/nofp/crtbegin.o
                0x2000013c                        . = ALIGN (0x4)

.bss            0x2000013c      0x17c load address 0x080025ac
                0x2000013c                        _sbss = .
                0x2000013c                        __bss_start__ = _sbss
 *(.bss)
 *(.bss*)
 .bss.completed.1
                0x2000013c        0x1 /Applications/ArmGNUToolchain/13.3.rel1/arm-none-eabi/bin/../lib/gcc/arm-none-eabi/13.3.1/thumb/v6-m/nofp/crtbegin.o
 *fill*         0x2000013d        0x3 
 .bss.object.0  0x20000140       0x18 /Applications/ArmGNUToolchain/13.3.rel1/arm-none-eabi/bin/../lib/gcc/arm-none-eabi/13.3.1/thumb/v6-m/nofp/crtbegin.o
 .bss.__sf      0x20000158      0x138 /Applications/ArmGNUToolchain/13.3.rel1/arm-none-eabi/bin/../lib/gcc/arm-none-eabi/13.3.1/../../../../arm-none-eabi/lib/thumb/v6-m/nofp/libc_nano.a(libc_a-findfp.o)
                0x20000158                __sf
 .bss.__stdio_exit_handler
                0x20000290        0x4 /Applications/ArmGNUToolchain/13.3.rel1/arm-none-eabi/bin/../lib/gcc/arm-none-eabi/13.3.1/../../../../arm-none-eabi/lib/thumb/v6-m/nofp/libc_nano.a(libc_a-findfp.o)
                0x20000290                __stdio_exit_handler
 .bss.__lock___malloc_recursive_mutex
                0x20000294        0x1 /Applications/ArmGNUToolchain/13.3.rel1/arm-none-eabi/bin/../lib/gcc/arm-none-eabi/13.3.1/../../../../arm-none-eabi/lib/thumb/v6-m/nofp/libc_nano.a(libc_a-lock.o)
                0x20000294                __lock___malloc_recursive_mutex
 .bss.__lock___sfp_recursive_mutex
                0x20000295        0x1 /Applications/ArmGNUToolchain/13.3.rel1/arm-none-eabi/bin/../lib/gcc/arm-none-eabi/13.3.1/../../../../arm-none-eabi/lib/thumb/v6-m/nofp/libc_nano.a(libc_a-lock.o)
                0x20000295                __lock___sfp_recursive_mutex
 *fill*         0x20000296        0x2 
 .bss.__malloc_sbrk_start
                0x20000298        0x4 /Applications/ArmGNUToolchain/13.3.rel1/arm-none-eabi/bin/../lib/gcc/arm-none-eabi/13.3.1/../../../../arm-none-eabi/lib/thumb/v6-m/nofp/libc_nano.a(libc_a-mallocr.o)
                0x20000298                __malloc_sbrk_start
 .bss.__malloc_free_list
                0x2000029c        0x4 /Applications/ArmGNUToolchain/13.3.rel1/arm-none-eabi/bin/../lib/gcc/arm-none-eabi/13.3.1/../../../../arm-none-eabi/lib/thumb/v6-m/nofp/libc_nano.a(libc_a-mallocr.o)
                0x2000029c                __malloc_free_list
 .bss.errno     0x200002a0        0x4 /Applications/ArmGNUToolchain/13.3.rel1/arm-none-eabi/bin/../lib/gcc/arm-none-eabi/13.3.1/../../../../arm-none-eabi/lib/thumb/v6-m/nofp/libc_nano.a(libc_a-reent.o)
                0x200002a0                errno
 .bss.idx       0x200002a4        0x4 ./Build/User/main.o
                0x200002a4                idx
 .bss.ptn       0x200002a8        0x4 ./Build/User/main.o
                0x200002a8                ptn
 .bss.touch     0x200002ac        0x4 ./Build/User/main.o
                0x200002ac                touch
 .bss.i2c_idx   0x200002b0        0x1 ./Build/User/py32f0xx_it.o
                0x200002b0                i2c_idx
 .bss.serialmode
                0x200002b1        0x1 ./Build/User/py32f0xx_it.o
                0x200002b1                serialmode
 *fill*         0x200002b2        0x2 
 .bss.heap_end.0
                0x200002b4        0x4 /Applications/ArmGNUToolchain/13.3.rel1/arm-none-eabi/bin/../lib/gcc/arm-none-eabi/13.3.1/../../../../arm-none-eabi/lib/thumb/v6-m/nofp/libnosys.a(sbrk.o)
 *(COMMON)
                0x200002b8                        . = ALIGN (0x4)
                0x200002b8                        _ebss = .
                0x200002b8                        __bss_end__ = _ebss

._user_heap_stack
                0x200002b8      0x300 load address 0x080025ac
                0x200002b8                        . = ALIGN (0x8)
                0x200002b8                        PROVIDE (end = .)
                [!provide]                        PROVIDE (_end = .)
                0x200003b8                        . = (. + _Min_Heap_Size)
 *fill*         0x200002b8      0x100 
                0x200005b8                        . = (. + _Min_Stack_Size)
 *fill*         0x200003b8      0x200 
                0x200005b8                        . = ALIGN (0x8)

/DISCARD/
 libc.a(*)
 libm.a(*)
 libgcc.a(*)

.ARM.attributes
                0x00000000       0x28
 *(.ARM.attributes)
 .ARM.attributes
                0x00000000       0x1e /Applications/ArmGNUToolchain/13.3.rel1/arm-none-eabi/bin/../lib/gcc/arm-none-eabi/13.3.1/thumb/v6-m/nofp/crti.o
 .ARM.attributes
                0x0000001e       0x2c /Applications/ArmGNUToolchain/13.3.rel1/arm-none-eabi/bin/../lib/gcc/arm-none-eabi/13.3.1/thumb/v6-m/nofp/crtbegin.o
 .ARM.attributes
                0x0000004a       0x2c /Applications/ArmGNUToolchain/13.3.rel1/arm-none-eabi/bin/../lib/gcc/arm-none-eabi/13.3.1/../../../../arm-none-eabi/lib/thumb/v6-m/nofp/libc_nano.a(libc_a-findfp.o)
 .ARM.attributes
                0x00000076       0x2c /Applications/ArmGNUToolchain/13.3.rel1/arm-none-eabi/bin/../lib/gcc/arm-none-eabi/13.3.1/../../../../arm-none-eabi/lib/thumb/v6-m/nofp/libc_nano.a(libc_a-fwalk.o)
 .ARM.attributes
                0x000000a2       0x2c /Applications/ArmGNUToolchain/13.3.rel1/arm-none-eabi/bin/../lib/gcc/arm-none-eabi/13.3.1/../../../../arm-none-eabi/lib/thumb/v6-m/nofp/libc_nano.a(libc_a-memset.o)
 .ARM.attributes
                0x000000ce       0x2c /Applications/ArmGNUToolchain/13.3.rel1/arm-none-eabi/bin/../lib/gcc/arm-none-eabi/13.3.1/../../../../arm-none-eabi/lib/thumb/v6-m/nofp/libc_nano.a(libc_a-init.o)
 .ARM.attributes
                0x000000fa       0x2c /Applications/ArmGNUToolchain/13.3.rel1/arm-none-eabi/bin/../lib/gcc/arm-none-eabi/13.3.1/../../../../arm-none-eabi/lib/thumb/v6-m/nofp/libc_nano.a(libc_a-lock.o)
 .ARM.attributes
                0x00000126       0x2c /Applications/ArmGNUToolchain/13.3.rel1/arm-none-eabi/bin/../lib/gcc/arm-none-eabi/13.3.1/../../../../arm-none-eabi/lib/thumb/v6-m/nofp/libc_nano.a(libc_a-impure.o)
 .ARM.attributes
                0x00000152       0x2c /Applications/ArmGNUToolchain/13.3.rel1/arm-none-eabi/bin/../lib/gcc/arm-none-eabi/13.3.1/../../../../arm-none-eabi/lib/thumb/v6-m/nofp/libc_nano.a(libc_a-mallocr.o)
 .ARM.attributes
                0x0000017e       0x2c /Applications/ArmGNUToolchain/13.3.rel1/arm-none-eabi/bin/../lib/gcc/arm-none-eabi/13.3.1/../../../../arm-none-eabi/lib/thumb/v6-m/nofp/libc_nano.a(libc_a-fflush.o)
 .ARM.attributes
                0x000001aa       0x2c /Applications/ArmGNUToolchain/13.3.rel1/arm-none-eabi/bin/../lib/gcc/arm-none-eabi/13.3.1/../../../../arm-none-eabi/lib/thumb/v6-m/nofp/libc_nano.a(libc_a-mlock.o)
 .ARM.attributes
                0x000001d6       0x2c /Applications/ArmGNUToolchain/13.3.rel1/arm-none-eabi/bin/../lib/gcc/arm-none-eabi/13.3.1/../../../../arm-none-eabi/lib/thumb/v6-m/nofp/libc_nano.a(libc_a-stdio.o)
 .ARM.attributes
                0x00000202       0x2c /Applications/ArmGNUToolchain/13.3.rel1/arm-none-eabi/bin/../lib/gcc/arm-none-eabi/13.3.1/../../../../arm-none-eabi/lib/thumb/v6-m/nofp/libc_nano.a(libc_a-lseekr.o)
 .ARM.attributes
                0x0000022e       0x2c /Applications/ArmGNUToolchain/13.3.rel1/arm-none-eabi/bin/../lib/gcc/arm-none-eabi/13.3.1/../../../../arm-none-eabi/lib/thumb/v6-m/nofp/libc_nano.a(libc_a-readr.o)
 .ARM.attributes
                0x0000025a       0x2c /Applications/ArmGNUToolchain/13.3.rel1/arm-none-eabi/bin/../lib/gcc/arm-none-eabi/13.3.1/../../../../arm-none-eabi/lib/thumb/v6-m/nofp/libc_nano.a(libc_a-sbrkr.o)
 .ARM.attributes
                0x00000286       0x2c /Applications/ArmGNUToolchain/13.3.rel1/arm-none-eabi/bin/../lib/gcc/arm-none-eabi/13.3.1/../../../../arm-none-eabi/lib/thumb/v6-m/nofp/libc_nano.a(libc_a-writer.o)
 .ARM.attributes
                0x000002b2       0x2c /Applications/ArmGNUToolchain/13.3.rel1/arm-none-eabi/bin/../lib/gcc/arm-none-eabi/13.3.1/../../../../arm-none-eabi/lib/thumb/v6-m/nofp/libc_nano.a(libc_a-closer.o)
 .ARM.attributes
                0x000002de       0x2c /Applications/ArmGNUToolchain/13.3.rel1/arm-none-eabi/bin/../lib/gcc/arm-none-eabi/13.3.1/../../../../arm-none-eabi/lib/thumb/v6-m/nofp/libc_nano.a(libc_a-reent.o)
 .ARM.attributes
                0x0000030a       0x2c /Applications/ArmGNUToolchain/13.3.rel1/arm-none-eabi/bin/../lib/gcc/arm-none-eabi/13.3.1/../../../../arm-none-eabi/lib/thumb/v6-m/nofp/libc_nano.a(libc_a-freer.o)
 .ARM.attributes
                0x00000336       0x2c ./Build/User/main.o
 .ARM.attributes
                0x00000362       0x2c ./Build/User/py32f0xx_it.o
 .ARM.attributes
                0x0000038e       0x2c ./Build/Libraries/PY32F0xx_LL_Driver/Src/py32f0xx_ll_gpio.o
 .ARM.attributes
                0x000003ba       0x2c ./Build/Libraries/PY32F0xx_LL_Driver/Src/py32f0xx_ll_tim.o
 .ARM.attributes
                0x000003e6       0x2c ./Build/Libraries/PY32F0xx_LL_Driver/Src/py32f0xx_ll_i2c.o
 .ARM.attributes
                0x00000412       0x2c ./Build/Libraries/PY32F0xx_LL_Driver/Src/py32f0xx_ll_rcc.o
 .ARM.attributes
                0x0000043e       0x2c ./Build/Libraries/PY32F0xx_LL_Driver/Src/py32f0xx_ll_utils.o
 .ARM.attributes
                0x0000046a       0x2c ./Build/Libraries/PY32F0xx_LL_BSP/Src/py32f0xx_bsp_printf.o
 .ARM.attributes
                0x00000496       0x2c ./Build/Libraries/PY32F0xx_LL_BSP/Src/py32f0xx_bsp_clock.o
 .ARM.attributes
                0x000004c2       0x2c ./Build/Libraries/CMSIS/Device/PY32F0xx/Source/system_py32f0xx.o
 .ARM.attributes
                0x000004ee       0x22 ./Build/Libraries/CMSIS/Device/PY32F0xx/Source/gcc/startup_py32f002a.o
 .ARM.attributes
                0x00000510       0x1e /Applications/ArmGNUToolchain/13.3.rel1/arm-none-eabi/bin/../lib/gcc/arm-none-eabi/13.3.1/thumb/v6-m/nofp/libgcc.a(_udivsi3.o)
 .ARM.attributes
                0x0000052e       0x1e /Applications/ArmGNUToolchain/13.3.rel1/arm-none-eabi/bin/../lib/gcc/arm-none-eabi/13.3.1/thumb/v6-m/nofp/libgcc.a(_divsi3.o)
 .ARM.attributes
                0x0000054c       0x1e /Applications/ArmGNUToolchain/13.3.rel1/arm-none-eabi/bin/../lib/gcc/arm-none-eabi/13.3.1/thumb/v6-m/nofp/libgcc.a(_dvmd_tls.o)
 .ARM.attributes
                0x0000056a       0x2c /Applications/ArmGNUToolchain/13.3.rel1/arm-none-eabi/bin/../lib/gcc/arm-none-eabi/13.3.1/../../../../arm-none-eabi/lib/thumb/v6-m/nofp/libc_nano.a(libc_a-makebuf.o)
 .ARM.attributes
                0x00000596       0x2c /Applications/ArmGNUToolchain/13.3.rel1/arm-none-eabi/bin/../lib/gcc/arm-none-eabi/13.3.1/../../../../arm-none-eabi/lib/thumb/v6-m/nofp/libc_nano.a(libc_a-printf.o)
 .ARM.attributes
                0x000005c2       0x2c /Applications/ArmGNUToolchain/13.3.rel1/arm-none-eabi/bin/../lib/gcc/arm-none-eabi/13.3.1/../../../../arm-none-eabi/lib/thumb/v6-m/nofp/libc_nano.a(libc_a-isattyr.o)
 .ARM.attributes
                0x000005ee       0x2c /Applications/ArmGNUToolchain/13.3.rel1/arm-none-eabi/bin/../lib/gcc/arm-none-eabi/13.3.1/../../../../arm-none-eabi/lib/thumb/v6-m/nofp/libc_nano.a(libc_a-errno.o)
 .ARM.attributes
                0x0000061a       0x2c /Applications/ArmGNUToolchain/13.3.rel1/arm-none-eabi/bin/../lib/gcc/arm-none-eabi/13.3.1/../../../../arm-none-eabi/lib/thumb/v6-m/nofp/libc_nano.a(libc_a-fstatr.o)
 .ARM.attributes
                0x00000646       0x2c /Applications/ArmGNUToolchain/13.3.rel1/arm-none-eabi/bin/../lib/gcc/arm-none-eabi/13.3.1/../../../../arm-none-eabi/lib/thumb/v6-m/nofp/libc_nano.a(libc_a-nano-vfprintf.o)
 .ARM.attributes
                0x00000672       0x2c /Applications/ArmGNUToolchain/13.3.rel1/arm-none-eabi/bin/../lib/gcc/arm-none-eabi/13.3.1/../../../../arm-none-eabi/lib/thumb/v6-m/nofp/libc_nano.a(libc_a-nano-vfprintf_i.o)
 .ARM.attributes
                0x0000069e       0x2c /Applications/ArmGNUToolchain/13.3.rel1/arm-none-eabi/bin/../lib/gcc/arm-none-eabi/13.3.1/../../../../arm-none-eabi/lib/thumb/v6-m/nofp/libc_nano.a(libc_a-wbuf.o)
 .ARM.attributes
                0x000006ca       0x2c /Applications/ArmGNUToolchain/13.3.rel1/arm-none-eabi/bin/../lib/gcc/arm-none-eabi/13.3.1/../../../../arm-none-eabi/lib/thumb/v6-m/nofp/libc_nano.a(libc_a-wsetup.o)
 .ARM.attributes
                0x000006f6       0x2c /Applications/ArmGNUToolchain/13.3.rel1/arm-none-eabi/bin/../lib/gcc/arm-none-eabi/13.3.1/../../../../arm-none-eabi/lib/thumb/v6-m/nofp/libc_nano.a(libc_a-memchr-stub.o)
 .ARM.attributes
                0x00000722       0x1e /Applications/ArmGNUToolchain/13.3.rel1/arm-none-eabi/bin/../lib/gcc/arm-none-eabi/13.3.1/thumb/v6-m/nofp/libgcc.a(_thumb1_case_shi.o)
 .ARM.attributes
                0x00000740       0x2c /Applications/ArmGNUToolchain/13.3.rel1/arm-none-eabi/bin/../lib/gcc/arm-none-eabi/13.3.1/../../../../arm-none-eabi/lib/thumb/v6-m/nofp/libnosys.a(sbrk.o)
 .ARM.attributes
                0x0000076c       0x2c /Applications/ArmGNUToolchain/13.3.rel1/arm-none-eabi/bin/../lib/gcc/arm-none-eabi/13.3.1/thumb/v6-m/nofp/crtend.o
 .ARM.attributes
                0x00000798       0x1e /Applications/ArmGNUToolchain/13.3.rel1/arm-none-eabi/bin/../lib/gcc/arm-none-eabi/13.3.1/thumb/v6-m/nofp/crtn.o
OUTPUT(Build/app.elf elf32-littlearm)
LOAD linker stubs
LOAD /Applications/ArmGNUToolchain/13.3.rel1/arm-none-eabi/bin/../lib/gcc/arm-none-eabi/13.3.1/../../../../arm-none-eabi/lib/thumb/v6-m/nofp/libc.a
LOAD /Applications/ArmGNUToolchain/13.3.rel1/arm-none-eabi/bin/../lib/gcc/arm-none-eabi/13.3.1/../../../../arm-none-eabi/lib/thumb/v6-m/nofp/libm.a
LOAD /Applications/ArmGNUToolchain/13.3.rel1/arm-none-eabi/bin/../lib/gcc/arm-none-eabi/13.3.1/thumb/v6-m/nofp/libgcc.a

.debug_frame    0x00000000      0xfa8
 .debug_frame   0x00000000      0x138 /Applications/ArmGNUToolchain/13.3.rel1/arm-none-eabi/bin/../lib/gcc/arm-none-eabi/13.3.1/../../../../arm-none-eabi/lib/thumb/v6-m/nofp/libc_nano.a(libc_a-findfp.o)
 .debug_frame   0x00000138       0x34 /Applications/ArmGNUToolchain/13.3.rel1/arm-none-eabi/bin/../lib/gcc/arm-none-eabi/13.3.1/../../../../arm-none-eabi/lib/thumb/v6-m/nofp/libc_nano.a(libc_a-fwalk.o)
 .debug_frame   0x0000016c       0x20 /Applications/ArmGNUToolchain/13.3.rel1/arm-none-eabi/bin/../lib/gcc/arm-none-eabi/13.3.1/../../../../arm-none-eabi/lib/thumb/v6-m/nofp/libc_nano.a(libc_a-memset.o)
 .debug_frame   0x0000018c       0x2c /Applications/ArmGNUToolchain/13.3.rel1/arm-none-eabi/bin/../lib/gcc/arm-none-eabi/13.3.1/../../../../arm-none-eabi/lib/thumb/v6-m/nofp/libc_nano.a(libc_a-init.o)
 .debug_frame   0x000001b8       0xb0 /Applications/ArmGNUToolchain/13.3.rel1/arm-none-eabi/bin/../lib/gcc/arm-none-eabi/13.3.1/../../../../arm-none-eabi/lib/thumb/v6-m/nofp/libc_nano.a(libc_a-lock.o)
 .debug_frame   0x00000268       0x50 /Applications/ArmGNUToolchain/13.3.rel1/arm-none-eabi/bin/../lib/gcc/arm-none-eabi/13.3.1/../../../../arm-none-eabi/lib/thumb/v6-m/nofp/libc_nano.a(libc_a-mallocr.o)
 .debug_frame   0x000002b8       0x68 /Applications/ArmGNUToolchain/13.3.rel1/arm-none-eabi/bin/../lib/gcc/arm-none-eabi/13.3.1/../../../../arm-none-eabi/lib/thumb/v6-m/nofp/libc_nano.a(libc_a-fflush.o)
 .debug_frame   0x00000320       0x40 /Applications/ArmGNUToolchain/13.3.rel1/arm-none-eabi/bin/../lib/gcc/arm-none-eabi/13.3.1/../../../../arm-none-eabi/lib/thumb/v6-m/nofp/libc_nano.a(libc_a-mlock.o)
 .debug_frame   0x00000360       0x90 /Applications/ArmGNUToolchain/13.3.rel1/arm-none-eabi/bin/../lib/gcc/arm-none-eabi/13.3.1/../../../../arm-none-eabi/lib/thumb/v6-m/nofp/libc_nano.a(libc_a-stdio.o)
 .debug_frame   0x000003f0       0x2c /Applications/ArmGNUToolchain/13.3.rel1/arm-none-eabi/bin/../lib/gcc/arm-none-eabi/13.3.1/../../../../arm-none-eabi/lib/thumb/v6-m/nofp/libc_nano.a(libc_a-lseekr.o)
 .debug_frame   0x0000041c       0x2c /Applications/ArmGNUToolchain/13.3.rel1/arm-none-eabi/bin/../lib/gcc/arm-none-eabi/13.3.1/../../../../arm-none-eabi/lib/thumb/v6-m/nofp/libc_nano.a(libc_a-readr.o)
 .debug_frame   0x00000448       0x2c /Applications/ArmGNUToolchain/13.3.rel1/arm-none-eabi/bin/../lib/gcc/arm-none-eabi/13.3.1/../../../../arm-none-eabi/lib/thumb/v6-m/nofp/libc_nano.a(libc_a-sbrkr.o)
 .debug_frame   0x00000474       0x2c /Applications/ArmGNUToolchain/13.3.rel1/arm-none-eabi/bin/../lib/gcc/arm-none-eabi/13.3.1/../../../../arm-none-eabi/lib/thumb/v6-m/nofp/libc_nano.a(libc_a-writer.o)
 .debug_frame   0x000004a0       0x2c /Applications/ArmGNUToolchain/13.3.rel1/arm-none-eabi/bin/../lib/gcc/arm-none-eabi/13.3.1/../../../../arm-none-eabi/lib/thumb/v6-m/nofp/libc_nano.a(libc_a-closer.o)
 .debug_frame   0x000004cc       0x2c /Applications/ArmGNUToolchain/13.3.rel1/arm-none-eabi/bin/../lib/gcc/arm-none-eabi/13.3.1/../../../../arm-none-eabi/lib/thumb/v6-m/nofp/libc_nano.a(libc_a-reent.o)
 .debug_frame   0x000004f8       0x2c /Applications/ArmGNUToolchain/13.3.rel1/arm-none-eabi/bin/../lib/gcc/arm-none-eabi/13.3.1/../../../../arm-none-eabi/lib/thumb/v6-m/nofp/libc_nano.a(libc_a-freer.o)
 .debug_frame   0x00000524       0xd8 ./Build/User/main.o
 .debug_frame   0x000005fc       0xbc ./Build/User/py32f0xx_it.o
 .debug_frame   0x000006b8       0x50 ./Build/Libraries/PY32F0xx_LL_Driver/Src/py32f0xx_ll_gpio.o
 .debug_frame   0x00000708      0x1e4 ./Build/Libraries/PY32F0xx_LL_Driver/Src/py32f0xx_ll_tim.o
 .debug_frame   0x000008ec       0x74 ./Build/Libraries/PY32F0xx_LL_Driver/Src/py32f0xx_ll_i2c.o
 .debug_frame   0x00000960       0xc0 ./Build/Libraries/PY32F0xx_LL_Driver/Src/py32f0xx_ll_rcc.o
 .debug_frame   0x00000a20       0x5c ./Build/Libraries/PY32F0xx_LL_Driver/Src/py32f0xx_ll_utils.o
 .debug_frame   0x00000a7c      0x1ac ./Build/Libraries/PY32F0xx_LL_BSP/Src/py32f0xx_bsp_printf.o
 .debug_frame   0x00000c28       0x58 ./Build/Libraries/PY32F0xx_LL_BSP/Src/py32f0xx_bsp_clock.o
 .debug_frame   0x00000c80       0x30 ./Build/Libraries/CMSIS/Device/PY32F0xx/Source/system_py32f0xx.o
 .debug_frame   0x00000cb0       0x20 /Applications/ArmGNUToolchain/13.3.rel1/arm-none-eabi/bin/../lib/gcc/arm-none-eabi/13.3.1/thumb/v6-m/nofp/libgcc.a(_udivsi3.o)
 .debug_frame   0x00000cd0       0x20 /Applications/ArmGNUToolchain/13.3.rel1/arm-none-eabi/bin/../lib/gcc/arm-none-eabi/13.3.1/thumb/v6-m/nofp/libgcc.a(_divsi3.o)
 .debug_frame   0x00000cf0       0x50 /Applications/ArmGNUToolchain/13.3.rel1/arm-none-eabi/bin/../lib/gcc/arm-none-eabi/13.3.1/../../../../arm-none-eabi/lib/thumb/v6-m/nofp/libc_nano.a(libc_a-makebuf.o)
 .debug_frame   0x00000d40       0x4c /Applications/ArmGNUToolchain/13.3.rel1/arm-none-eabi/bin/../lib/gcc/arm-none-eabi/13.3.1/../../../../arm-none-eabi/lib/thumb/v6-m/nofp/libc_nano.a(libc_a-printf.o)
 .debug_frame   0x00000d8c       0x2c /Applications/ArmGNUToolchain/13.3.rel1/arm-none-eabi/bin/../lib/gcc/arm-none-eabi/13.3.1/../../../../arm-none-eabi/lib/thumb/v6-m/nofp/libc_nano.a(libc_a-isattyr.o)
 .debug_frame   0x00000db8       0x20 /Applications/ArmGNUToolchain/13.3.rel1/arm-none-eabi/bin/../lib/gcc/arm-none-eabi/13.3.1/../../../../arm-none-eabi/lib/thumb/v6-m/nofp/libc_nano.a(libc_a-errno.o)
 .debug_frame   0x00000dd8       0x2c /Applications/ArmGNUToolchain/13.3.rel1/arm-none-eabi/bin/../lib/gcc/arm-none-eabi/13.3.1/../../../../arm-none-eabi/lib/thumb/v6-m/nofp/libc_nano.a(libc_a-fstatr.o)
 .debug_frame   0x00000e04       0x9c /Applications/ArmGNUToolchain/13.3.rel1/arm-none-eabi/bin/../lib/gcc/arm-none-eabi/13.3.1/../../../../arm-none-eabi/lib/thumb/v6-m/nofp/libc_nano.a(libc_a-nano-vfprintf.o)
 .debug_frame   0x00000ea0       0x54 /Applications/ArmGNUToolchain/13.3.rel1/arm-none-eabi/bin/../lib/gcc/arm-none-eabi/13.3.1/../../../../arm-none-eabi/lib/thumb/v6-m/nofp/libc_nano.a(libc_a-nano-vfprintf_i.o)
 .debug_frame   0x00000ef4       0x48 /Applications/ArmGNUToolchain/13.3.rel1/arm-none-eabi/bin/../lib/gcc/arm-none-eabi/13.3.1/../../../../arm-none-eabi/lib/thumb/v6-m/nofp/libc_nano.a(libc_a-wbuf.o)
 .debug_frame   0x00000f3c       0x2c /Applications/ArmGNUToolchain/13.3.rel1/arm-none-eabi/bin/../lib/gcc/arm-none-eabi/13.3.1/../../../../arm-none-eabi/lib/thumb/v6-m/nofp/libc_nano.a(libc_a-wsetup.o)
 .debug_frame   0x00000f68       0x20 /Applications/ArmGNUToolchain/13.3.rel1/arm-none-eabi/bin/../lib/gcc/arm-none-eabi/13.3.1/../../../../arm-none-eabi/lib/thumb/v6-m/nofp/libc_nano.a(libc_a-memchr-stub.o)
 .debug_frame   0x00000f88       0x20 /Applications/ArmGNUToolchain/13.3.rel1/arm-none-eabi/bin/../lib/gcc/arm-none-eabi/13.3.1/../../../../arm-none-eabi/lib/thumb/v6-m/nofp/libnosys.a(sbrk.o)

.debug_info     0x00000000     0x792e
 .debug_info    0x00000000     0x1988 ./Build/User/main.o
 .debug_info    0x00001988      0xa52 ./Build/User/py32f0xx_it.o
 .debug_info    0x000023da      0x7e9 ./Build/Libraries/PY32F0xx_LL_Driver/Src/py32f0xx_ll_gpio.o
 .debug_info    0x00002bc3     0x124e ./Build/Libraries/PY32F0xx_LL_Driver/Src/py32f0xx_ll_tim.o
 .debug_info    0x00003e11      0x6ed ./Build/Libraries/PY32F0xx_LL_Driver/Src/py32f0xx_ll_i2c.o
 .debug_info    0x000044fe      0x823 ./Build/Libraries/PY32F0xx_LL_Driver/Src/py32f0xx_ll_rcc.o
 .debug_info    0x00004d21      0x494 ./Build/Libraries/PY32F0xx_LL_Driver/Src/py32f0xx_ll_utils.o
 .debug_info    0x000051b5     0x1b86 ./Build/Libraries/PY32F0xx_LL_BSP/Src/py32f0xx_bsp_printf.o
 .debug_info    0x00006d3b      0x7c0 ./Build/Libraries/PY32F0xx_LL_BSP/Src/py32f0xx_bsp_clock.o
 .debug_info    0x000074fb      0x411 ./Build/Libraries/CMSIS/Device/PY32F0xx/Source/system_py32f0xx.o
 .debug_info    0x0000790c       0x22 ./Build/Libraries/CMSIS/Device/PY32F0xx/Source/gcc/startup_py32f002a.o

.debug_abbrev   0x00000000     0x1887
 .debug_abbrev  0x00000000      0x3a7 ./Build/User/main.o
 .debug_abbrev  0x000003a7      0x212 ./Build/User/py32f0xx_it.o
 .debug_abbrev  0x000005b9      0x203 ./Build/Libraries/PY32F0xx_LL_Driver/Src/py32f0xx_ll_gpio.o
 .debug_abbrev  0x000007bc      0x299 ./Build/Libraries/PY32F0xx_LL_Driver/Src/py32f0xx_ll_tim.o
 .debug_abbrev  0x00000a55      0x252 ./Build/Libraries/PY32F0xx_LL_Driver/Src/py32f0xx_ll_i2c.o
 .debug_abbrev  0x00000ca7      0x299 ./Build/Libraries/PY32F0xx_LL_Driver/Src/py32f0xx_ll_rcc.o
 .debug_abbrev  0x00000f40      0x289 ./Build/Libraries/PY32F0xx_LL_Driver/Src/py32f0xx_ll_utils.o
 .debug_abbrev  0x000011c9      0x38a ./Build/Libraries/PY32F0xx_LL_BSP/Src/py32f0xx_bsp_printf.o
 .debug_abbrev  0x00001553      0x1ed ./Build/Libraries/PY32F0xx_LL_BSP/Src/py32f0xx_bsp_clock.o
 .debug_abbrev  0x00001740      0x135 ./Build/Libraries/CMSIS/Device/PY32F0xx/Source/system_py32f0xx.o
 .debug_abbrev  0x00001875       0x12 ./Build/Libraries/CMSIS/Device/PY32F0xx/Source/gcc/startup_py32f002a.o

.debug_loc      0x00000000     0x31d9
 .debug_loc     0x00000000      0x77c ./Build/User/main.o
 .debug_loc     0x0000077c      0x292 ./Build/User/py32f0xx_it.o
 .debug_loc     0x00000a0e      0x3e8 ./Build/Libraries/PY32F0xx_LL_Driver/Src/py32f0xx_ll_gpio.o
 .debug_loc     0x00000df6     0x1006 ./Build/Libraries/PY32F0xx_LL_Driver/Src/py32f0xx_ll_tim.o
 .debug_loc     0x00001dfc      0x344 ./Build/Libraries/PY32F0xx_LL_Driver/Src/py32f0xx_ll_i2c.o
 .debug_loc     0x00002140      0x32c ./Build/Libraries/PY32F0xx_LL_Driver/Src/py32f0xx_ll_rcc.o
 .debug_loc     0x0000246c      0x19a ./Build/Libraries/PY32F0xx_LL_Driver/Src/py32f0xx_ll_utils.o
 .debug_loc     0x00002606      0xa3e ./Build/Libraries/PY32F0xx_LL_BSP/Src/py32f0xx_bsp_printf.o
 .debug_loc     0x00003044      0x122 ./Build/Libraries/PY32F0xx_LL_BSP/Src/py32f0xx_bsp_clock.o
 .debug_loc     0x00003166       0x73 ./Build/Libraries/CMSIS/Device/PY32F0xx/Source/system_py32f0xx.o

.debug_aranges  0x00000000      0x398
 .debug_aranges
                0x00000000       0x58 ./Build/User/main.o
 .debug_aranges
                0x00000058       0x60 ./Build/User/py32f0xx_it.o
 .debug_aranges
                0x000000b8       0x30 ./Build/Libraries/PY32F0xx_LL_Driver/Src/py32f0xx_ll_gpio.o
 .debug_aranges
                0x000000e8       0xc0 ./Build/Libraries/PY32F0xx_LL_Driver/Src/py32f0xx_ll_tim.o
 .debug_aranges
                0x000001a8       0x38 ./Build/Libraries/PY32F0xx_LL_Driver/Src/py32f0xx_ll_i2c.o
 .debug_aranges
                0x000001e0       0x60 ./Build/Libraries/PY32F0xx_LL_Driver/Src/py32f0xx_ll_rcc.o
 .debug_aranges
                0x00000240       0x38 ./Build/Libraries/PY32F0xx_LL_Driver/Src/py32f0xx_ll_utils.o
 .debug_aranges
                0x00000278       0xa0 ./Build/Libraries/PY32F0xx_LL_BSP/Src/py32f0xx_bsp_printf.o
 .debug_aranges
                0x00000318       0x30 ./Build/Libraries/PY32F0xx_LL_BSP/Src/py32f0xx_bsp_clock.o
 .debug_aranges
                0x00000348       0x28 ./Build/Libraries/CMSIS/Device/PY32F0xx/Source/system_py32f0xx.o
 .debug_aranges
                0x00000370       0x28 ./Build/Libraries/CMSIS/Device/PY32F0xx/Source/gcc/startup_py32f002a.o

.debug_ranges   0x00000000      0x418
 .debug_ranges  0x00000000       0x80 ./Build/User/main.o
 .debug_ranges  0x00000080       0x50 ./Build/User/py32f0xx_it.o
 .debug_ranges  0x000000d0       0x68 ./Build/Libraries/PY32F0xx_LL_Driver/Src/py32f0xx_ll_gpio.o
 .debug_ranges  0x00000138       0xe0 ./Build/Libraries/PY32F0xx_LL_Driver/Src/py32f0xx_ll_tim.o
 .debug_ranges  0x00000218       0x40 ./Build/Libraries/PY32F0xx_LL_Driver/Src/py32f0xx_ll_i2c.o
 .debug_ranges  0x00000258       0x68 ./Build/Libraries/PY32F0xx_LL_Driver/Src/py32f0xx_ll_rcc.o
 .debug_ranges  0x000002c0       0x28 ./Build/Libraries/PY32F0xx_LL_Driver/Src/py32f0xx_ll_utils.o
 .debug_ranges  0x000002e8       0x90 ./Build/Libraries/PY32F0xx_LL_BSP/Src/py32f0xx_bsp_printf.o
 .debug_ranges  0x00000378       0x68 ./Build/Libraries/PY32F0xx_LL_BSP/Src/py32f0xx_bsp_clock.o
 .debug_ranges  0x000003e0       0x18 ./Build/Libraries/CMSIS/Device/PY32F0xx/Source/system_py32f0xx.o
 .debug_ranges  0x000003f8       0x20 ./Build/Libraries/CMSIS/Device/PY32F0xx/Source/gcc/startup_py32f002a.o

.debug_line     0x00000000     0x3a85
 .debug_line    0x00000000      0x97f ./Build/User/main.o
 .debug_line    0x0000097f      0x52c ./Build/User/py32f0xx_it.o
 .debug_line    0x00000eab      0x402 ./Build/Libraries/PY32F0xx_LL_Driver/Src/py32f0xx_ll_gpio.o
 .debug_line    0x000012ad      0xa35 ./Build/Libraries/PY32F0xx_LL_Driver/Src/py32f0xx_ll_tim.o
 .debug_line    0x00001ce2      0x36b ./Build/Libraries/PY32F0xx_LL_Driver/Src/py32f0xx_ll_i2c.o
 .debug_line    0x0000204d      0x61a ./Build/Libraries/PY32F0xx_LL_Driver/Src/py32f0xx_ll_rcc.o
 .debug_line    0x00002667      0x351 ./Build/Libraries/PY32F0xx_LL_Driver/Src/py32f0xx_ll_utils.o
 .debug_line    0x000029b8      0x953 ./Build/Libraries/PY32F0xx_LL_BSP/Src/py32f0xx_bsp_printf.o
 .debug_line    0x0000330b      0x45b ./Build/Libraries/PY32F0xx_LL_BSP/Src/py32f0xx_bsp_clock.o
 .debug_line    0x00003766      0x27f ./Build/Libraries/CMSIS/Device/PY32F0xx/Source/system_py32f0xx.o
 .debug_line    0x000039e5       0xa0 ./Build/Libraries/CMSIS/Device/PY32F0xx/Source/gcc/startup_py32f002a.o

.debug_str      0x00000000     0x1d4f
 .debug_str     0x00000000     0x1d4f ./Build/User/main.o
                                0x98c (size before relaxing)
 .debug_str     0x00001d4f      0x4c5 ./Build/User/py32f0xx_it.o
 .debug_str     0x00001d4f      0x3c8 ./Build/Libraries/PY32F0xx_LL_Driver/Src/py32f0xx_ll_gpio.o
 .debug_str     0x00001d4f      0x86e ./Build/Libraries/PY32F0xx_LL_Driver/Src/py32f0xx_ll_tim.o
 .debug_str     0x00001d4f      0x429 ./Build/Libraries/PY32F0xx_LL_Driver/Src/py32f0xx_ll_i2c.o
 .debug_str     0x00001d4f      0x50e ./Build/Libraries/PY32F0xx_LL_Driver/Src/py32f0xx_ll_rcc.o
 .debug_str     0x00001d4f      0x329 ./Build/Libraries/PY32F0xx_LL_Driver/Src/py32f0xx_ll_utils.o
 .debug_str     0x00001d4f      0xa45 ./Build/Libraries/PY32F0xx_LL_BSP/Src/py32f0xx_bsp_printf.o
 .debug_str     0x00001d4f      0x406 ./Build/Libraries/PY32F0xx_LL_BSP/Src/py32f0xx_bsp_clock.o
 .debug_str     0x00001d4f      0x2df ./Build/Libraries/CMSIS/Device/PY32F0xx/Source/system_py32f0xx.o
 .debug_str     0x00001d4f       0x79 ./Build/Libraries/CMSIS/Device/PY32F0xx/Source/gcc/startup_py32f002a.o

.comment        0x00000000       0x45
 .comment       0x00000000       0x45 ./Build/User/main.o
                                 0x46 (size before relaxing)
 .comment       0x00000045       0x46 ./Build/User/py32f0xx_it.o
 .comment       0x00000045       0x46 ./Build/Libraries/PY32F0xx_LL_Driver/Src/py32f0xx_ll_gpio.o
 .comment       0x00000045       0x46 ./Build/Libraries/PY32F0xx_LL_Driver/Src/py32f0xx_ll_tim.o
 .comment       0x00000045       0x46 ./Build/Libraries/PY32F0xx_LL_Driver/Src/py32f0xx_ll_i2c.o
 .comment       0x00000045       0x46 ./Build/Libraries/PY32F0xx_LL_Driver/Src/py32f0xx_ll_rcc.o
 .comment       0x00000045       0x46 ./Build/Libraries/PY32F0xx_LL_Driver/Src/py32f0xx_ll_utils.o
 .comment       0x00000045       0x46 ./Build/Libraries/PY32F0xx_LL_BSP/Src/py32f0xx_bsp_printf.o
 .comment       0x00000045       0x46 ./Build/Libraries/PY32F0xx_LL_BSP/Src/py32f0xx_bsp_clock.o
 .comment       0x00000045       0x46 ./Build/Libraries/CMSIS/Device/PY32F0xx/Source/system_py32f0xx.o

.debug_line_str
                0x00000000       0xd2
 .debug_line_str
                0x00000000       0xd2 /Applications/ArmGNUToolchain/13.3.rel1/arm-none-eabi/bin/../lib/gcc/arm-none-eabi/13.3.1/thumb/v6-m/nofp/libgcc.a(_udivsi3.o)
 .debug_line_str
                0x000000d2       0xd2 /Applications/ArmGNUToolchain/13.3.rel1/arm-none-eabi/bin/../lib/gcc/arm-none-eabi/13.3.1/thumb/v6-m/nofp/libgcc.a(_divsi3.o)
 .debug_line_str
                0x000000d2       0xd2 /Applications/ArmGNUToolchain/13.3.rel1/arm-none-eabi/bin/../lib/gcc/arm-none-eabi/13.3.1/thumb/v6-m/nofp/libgcc.a(_dvmd_tls.o)
 .debug_line_str
                0x000000d2       0xd2 /Applications/ArmGNUToolchain/13.3.rel1/arm-none-eabi/bin/../lib/gcc/arm-none-eabi/13.3.1/thumb/v6-m/nofp/libgcc.a(_thumb1_case_shi.o)
