Archive member included to satisfy reference by file (symbol)

/opt/homebrew/Cellar/arm-none-eabi-gcc/10.3-2021.10/gcc/bin/../lib/gcc/arm-none-eabi/10.3.1/../../../../arm-none-eabi/lib/thumb/v6-m/nofp/libc_nano.a(lib_a-exit.o)
                              /opt/homebrew/Cellar/arm-none-eabi-gcc/10.3-2021.10/gcc/bin/../lib/gcc/arm-none-eabi/10.3.1/../../../../arm-none-eabi/lib/thumb/v6-m/nofp/crt0.o (exit)
/opt/homebrew/Cellar/arm-none-eabi-gcc/10.3-2021.10/gcc/bin/../lib/gcc/arm-none-eabi/10.3.1/../../../../arm-none-eabi/lib/thumb/v6-m/nofp/libc_nano.a(lib_a-impure.o)
                              /opt/homebrew/Cellar/arm-none-eabi-gcc/10.3-2021.10/gcc/bin/../lib/gcc/arm-none-eabi/10.3.1/../../../../arm-none-eabi/lib/thumb/v6-m/nofp/libc_nano.a(lib_a-exit.o) (_global_impure_ptr)
/opt/homebrew/Cellar/arm-none-eabi-gcc/10.3-2021.10/gcc/bin/../lib/gcc/arm-none-eabi/10.3.1/../../../../arm-none-eabi/lib/thumb/v6-m/nofp/libc_nano.a(lib_a-init.o)
                              /opt/homebrew/Cellar/arm-none-eabi-gcc/10.3-2021.10/gcc/bin/../lib/gcc/arm-none-eabi/10.3.1/../../../../arm-none-eabi/lib/thumb/v6-m/nofp/crt0.o (__libc_init_array)
/opt/homebrew/Cellar/arm-none-eabi-gcc/10.3-2021.10/gcc/bin/../lib/gcc/arm-none-eabi/10.3.1/../../../../arm-none-eabi/lib/thumb/v6-m/nofp/libc_nano.a(lib_a-memset.o)
                              /opt/homebrew/Cellar/arm-none-eabi-gcc/10.3-2021.10/gcc/bin/../lib/gcc/arm-none-eabi/10.3.1/../../../../arm-none-eabi/lib/thumb/v6-m/nofp/crt0.o (memset)
/opt/homebrew/Cellar/arm-none-eabi-gcc/10.3-2021.10/gcc/bin/../lib/gcc/arm-none-eabi/10.3.1/thumb/v6-m/nofp/libgcc.a(_udivsi3.o)
                              ./Build/Libraries/PY32F0xx_LL_Driver/Src/py32f0xx_ll_usart.o (__aeabi_uidiv)
/opt/homebrew/Cellar/arm-none-eabi-gcc/10.3-2021.10/gcc/bin/../lib/gcc/arm-none-eabi/10.3.1/thumb/v6-m/nofp/libgcc.a(_divsi3.o)
                              ./Build/User/main.o (__aeabi_idiv)
/opt/homebrew/Cellar/arm-none-eabi-gcc/10.3-2021.10/gcc/bin/../lib/gcc/arm-none-eabi/10.3.1/thumb/v6-m/nofp/libgcc.a(_dvmd_tls.o)
                              /opt/homebrew/Cellar/arm-none-eabi-gcc/10.3-2021.10/gcc/bin/../lib/gcc/arm-none-eabi/10.3.1/thumb/v6-m/nofp/libgcc.a(_udivsi3.o) (__aeabi_idiv0)
/opt/homebrew/Cellar/arm-none-eabi-gcc/10.3-2021.10/gcc/bin/../lib/gcc/arm-none-eabi/10.3.1/../../../../arm-none-eabi/lib/thumb/v6-m/nofp/libc_nano.a(lib_a-errno.o)
                              ./Build/Libraries/PY32F0xx_LL_BSP/Src/py32f0xx_bsp_printf.o (__errno)
/opt/homebrew/Cellar/arm-none-eabi-gcc/10.3-2021.10/gcc/bin/../lib/gcc/arm-none-eabi/10.3.1/../../../../arm-none-eabi/lib/thumb/v6-m/nofp/libc_nano.a(lib_a-printf.o)
                              ./Build/User/main.o (printf)
/opt/homebrew/Cellar/arm-none-eabi-gcc/10.3-2021.10/gcc/bin/../lib/gcc/arm-none-eabi/10.3.1/../../../../arm-none-eabi/lib/thumb/v6-m/nofp/libc_nano.a(lib_a-setvbuf.o)
                              ./Build/Libraries/PY32F0xx_LL_BSP/Src/py32f0xx_bsp_printf.o (setvbuf)
/opt/homebrew/Cellar/arm-none-eabi-gcc/10.3-2021.10/gcc/bin/../lib/gcc/arm-none-eabi/10.3.1/../../../../arm-none-eabi/lib/thumb/v6-m/nofp/libc_nano.a(lib_a-fflush.o)
                              /opt/homebrew/Cellar/arm-none-eabi-gcc/10.3-2021.10/gcc/bin/../lib/gcc/arm-none-eabi/10.3.1/../../../../arm-none-eabi/lib/thumb/v6-m/nofp/libc_nano.a(lib_a-setvbuf.o) (_fflush_r)
/opt/homebrew/Cellar/arm-none-eabi-gcc/10.3-2021.10/gcc/bin/../lib/gcc/arm-none-eabi/10.3.1/../../../../arm-none-eabi/lib/thumb/v6-m/nofp/libc_nano.a(lib_a-findfp.o)
                              /opt/homebrew/Cellar/arm-none-eabi-gcc/10.3-2021.10/gcc/bin/../lib/gcc/arm-none-eabi/10.3.1/../../../../arm-none-eabi/lib/thumb/v6-m/nofp/libc_nano.a(lib_a-printf.o) (__sinit)
/opt/homebrew/Cellar/arm-none-eabi-gcc/10.3-2021.10/gcc/bin/../lib/gcc/arm-none-eabi/10.3.1/../../../../arm-none-eabi/lib/thumb/v6-m/nofp/libc_nano.a(lib_a-fwalk.o)
                              /opt/homebrew/Cellar/arm-none-eabi-gcc/10.3-2021.10/gcc/bin/../lib/gcc/arm-none-eabi/10.3.1/../../../../arm-none-eabi/lib/thumb/v6-m/nofp/libc_nano.a(lib_a-findfp.o) (_fwalk)
/opt/homebrew/Cellar/arm-none-eabi-gcc/10.3-2021.10/gcc/bin/../lib/gcc/arm-none-eabi/10.3.1/../../../../arm-none-eabi/lib/thumb/v6-m/nofp/libc_nano.a(lib_a-lock.o)
                              /opt/homebrew/Cellar/arm-none-eabi-gcc/10.3-2021.10/gcc/bin/../lib/gcc/arm-none-eabi/10.3.1/../../../../arm-none-eabi/lib/thumb/v6-m/nofp/libc_nano.a(lib_a-findfp.o) (__retarget_lock_init_recursive)
/opt/homebrew/Cellar/arm-none-eabi-gcc/10.3-2021.10/gcc/bin/../lib/gcc/arm-none-eabi/10.3.1/../../../../arm-none-eabi/lib/thumb/v6-m/nofp/libc_nano.a(lib_a-makebuf.o)
                              /opt/homebrew/Cellar/arm-none-eabi-gcc/10.3-2021.10/gcc/bin/../lib/gcc/arm-none-eabi/10.3.1/../../../../arm-none-eabi/lib/thumb/v6-m/nofp/libc_nano.a(lib_a-setvbuf.o) (__swhatbuf_r)
[...]
Memory Configuration

Name             Origin             Length             Attributes
RAM              0x0000000020000000 0x0000000000000c00 xrw
FLASH            0x0000000008000000 0x0000000000005000 xr
*default*        0x0000000000000000 0xffffffffffffffff

Linker script and memory map

LOAD /opt/homebrew/Cellar/arm-none-eabi-gcc/10.3-2021.10/gcc/bin/../lib/gcc/arm-none-eabi/10.3.1/thumb/v6-m/nofp/crti.o
LOAD /opt/homebrew/Cellar/arm-none-eabi-gcc/10.3-2021.10/gcc/bin/../lib/gcc/arm-none-eabi/10.3.1/thumb/v6-m/nofp/crtbegin.o
LOAD /opt/homebrew/Cellar/arm-none-eabi-gcc/10.3-2021.10/gcc/bin/../lib/gcc/arm-none-eabi/10.3.1/../../../../arm-none-eabi/lib/thumb/v6-m/nofp/crt0.o
LOAD /opt/homebrew/Cellar/arm-none-eabi-gcc/10.3-2021.10/gcc/bin/../lib/gcc/arm-none-eabi/10.3.1/../../../../arm-none-eabi/lib/thumb/v6-m/nofp/libc_nano.a
LOAD /opt/homebrew/Cellar/arm-none-eabi-gcc/10.3-2021.10/gcc/bin/../lib/gcc/arm-none-eabi/10.3.1/../../../../arm-none-eabi/lib/thumb/v6-m/nofp/libm.a
LOAD ./Build/User/main.o
LOAD ./Build/User/py32f0xx_it.o
LOAD ./Build/Libraries/PY32F0xx_LL_Driver/Src/py32f0xx_ll_pwr.o
LOAD ./Build/Libraries/PY32F0xx_LL_Driver/Src/py32f0xx_ll_comp.o
LOAD ./Build/Libraries/PY32F0xx_LL_Driver/Src/py32f0xx_ll_dma.o
LOAD ./Build/Libraries/PY32F0xx_LL_Driver/Src/py32f0xx_ll_gpio.o
LOAD ./Build/Libraries/PY32F0xx_LL_Driver/Src/py32f0xx_ll_lptim.o
LOAD ./Build/Libraries/PY32F0xx_LL_Driver/Src/py32f0xx_ll_adc.o
LOAD ./Build/Libraries/PY32F0xx_LL_Driver/Src/py32f0xx_ll_flash.o
LOAD ./Build/Libraries/PY32F0xx_LL_Driver/Src/py32f0xx_ll_crc.o
LOAD ./Build/Libraries/PY32F0xx_LL_Driver/Src/py32f0xx_ll_spi.o
LOAD ./Build/Libraries/PY32F0xx_LL_Driver/Src/py32f0xx_ll_tim.o
LOAD ./Build/Libraries/PY32F0xx_LL_Driver/Src/py32f0xx_ll_exti.o
LOAD ./Build/Libraries/PY32F0xx_LL_Driver/Src/py32f0xx_ll_rtc.o
LOAD ./Build/Libraries/PY32F0xx_LL_Driver/Src/py32f0xx_ll_led.o
LOAD ./Build/Libraries/PY32F0xx_LL_Driver/Src/py32f0xx_ll_usart.o
LOAD ./Build/Libraries/PY32F0xx_LL_Driver/Src/py32f0xx_ll_i2c.o
LOAD ./Build/Libraries/PY32F0xx_LL_Driver/Src/py32f0xx_ll_rcc.o
LOAD ./Build/Libraries/PY32F0xx_LL_Driver/Src/py32f0xx_ll_utils.o
LOAD ./Build/Libraries/PY32F0xx_LL_BSP/Src/py32f0xx_bsp_printf.o
LOAD ./Build/Libraries/PY32F0xx_LL_BSP/Src/py32f0xx_bsp_clock.o
LOAD ./Build/Libraries/PY32F0xx_LL_BSP/Src/py32f0xx_bsp_led.o
LOAD ./Build/Libraries/CMSIS/Device/PY32F0xx/Source/system_py32f0xx.o
LOAD ./Build/Libraries/CMSIS/Device/PY32F0xx/Source/gcc/startup_py32f002a.o
START GROUP
LOAD /opt/homebrew/Cellar/arm-none-eabi-gcc/10.3-2021.10/gcc/bin/../lib/gcc/arm-none-eabi/10.3.1/thumb/v6-m/nofp/libgcc.a
LOAD /opt/homebrew/Cellar/arm-none-eabi-gcc/10.3-2021.10/gcc/bin/../lib/gcc/arm-none-eabi/10.3.1/../../../../arm-none-eabi/lib/thumb/v6-m/nofp/libc_nano.a
END GROUP
START GROUP
LOAD /opt/homebrew/Cellar/arm-none-eabi-gcc/10.3-2021.10/gcc/bin/../lib/gcc/arm-none-eabi/10.3.1/thumb/v6-m/nofp/libgcc.a
LOAD /opt/homebrew/Cellar/arm-none-eabi-gcc/10.3-2021.10/gcc/bin/../lib/gcc/arm-none-eabi/10.3.1/../../../../arm-none-eabi/lib/thumb/v6-m/nofp/libc_nano.a
LOAD /opt/homebrew/Cellar/arm-none-eabi-gcc/10.3-2021.10/gcc/bin/../lib/gcc/arm-none-eabi/10.3.1/../../../../arm-none-eabi/lib/thumb/v6-m/nofp/libnosys.a
END GROUP
START GROUP
LOAD /opt/homebrew/Cellar/arm-none-eabi-gcc/10.3-2021.10/gcc/bin/../lib/gcc/arm-none-eabi/10.3.1/thumb/v6-m/nofp/libgcc.a
LOAD /opt/homebrew/Cellar/arm-none-eabi-gcc/10.3-2021.10/gcc/bin/../lib/gcc/arm-none-eabi/10.3.1/../../../../arm-none-eabi/lib/thumb/v6-m/nofp/libc_nano.a
LOAD /opt/homebrew/Cellar/arm-none-eabi-gcc/10.3-2021.10/gcc/bin/../lib/gcc/arm-none-eabi/10.3.1/../../../../arm-none-eabi/lib/thumb/v6-m/nofp/libnosys.a
END GROUP
LOAD /opt/homebrew/Cellar/arm-none-eabi-gcc/10.3-2021.10/gcc/bin/../lib/gcc/arm-none-eabi/10.3.1/thumb/v6-m/nofp/crtend.o
LOAD /opt/homebrew/Cellar/arm-none-eabi-gcc/10.3-2021.10/gcc/bin/../lib/gcc/arm-none-eabi/10.3.1/thumb/v6-m/nofp/crtn.o
                0x0000000020000c00                _estack = (ORIGIN (RAM) + LENGTH (RAM))
                0x0000000000000100                _Min_Heap_Size = 0x100
                0x0000000000000200                _Min_Stack_Size = 0x200

.ram_vector     0x0000000020000000       0xc0
 *(.ram_vector)
 .ram_vector    0x0000000020000000       0xc0 ./Build/Libraries/CMSIS/Device/PY32F0xx/Source/system_py32f0xx.o

.isr_vector     0x0000000008000000       0xc0
                0x0000000008000000                . = ALIGN (0x4)
 *(.isr_vector)
 .isr_vector    0x0000000008000000       0xc0 ./Build/Libraries/CMSIS/Device/PY32F0xx/Source/gcc/startup_py32f002a.o
                0x0000000008000000                g_pfnVectors
                0x00000000080000c0                . = ALIGN (0x4)

.text           0x00000000080000c0     0x1f0c
                0x00000000080000c0                . = ALIGN (0x4)
 *(.text)
 .text          0x00000000080000c0       0x48 /opt/homebrew/Cellar/arm-none-eabi-gcc/10.3-2021.10/gcc/bin/../lib/gcc/arm-none-eabi/10.3.1/thumb/v6-m/nofp/crtbegin.o
 .text          0x0000000008000108      0x114 /opt/homebrew/Cellar/arm-none-eabi-gcc/10.3-2021.10/gcc/bin/../lib/gcc/arm-none-eabi/10.3.1/thumb/v6-m/nofp/libgcc.a(_udivsi3.o)
                0x0000000008000108                __udivsi3
                0x0000000008000108                __aeabi_uidiv
                0x0000000008000214                __aeabi_uidivmod
 .text          0x000000000800021c      0x1d4 /opt/homebrew/Cellar/arm-none-eabi-gcc/10.3-2021.10/gcc/bin/../lib/gcc/arm-none-eabi/10.3.1/thumb/v6-m/nofp/libgcc.a(_divsi3.o)
                0x000000000800021c                __aeabi_idiv
                0x000000000800021c                __divsi3
                0x00000000080003e8                __aeabi_idivmod
 .text          0x00000000080003f0        0x4 /opt/homebrew/Cellar/arm-none-eabi-gcc/10.3-2021.10/gcc/bin/../lib/gcc/arm-none-eabi/10.3.1/thumb/v6-m/nofp/libgcc.a(_dvmd_tls.o)
                0x00000000080003f0                __aeabi_ldiv0
                0x00000000080003f0                __aeabi_idiv0
 .text          0x00000000080003f4       0x14 /opt/homebrew/Cellar/arm-none-eabi-gcc/10.3-2021.10/gcc/bin/../lib/gcc/arm-none-eabi/10.3.1/thumb/v6-m/nofp/libgcc.a(_thumb1_case_shi.o)
                0x00000000080003f4                __gnu_thumb1_case_shi
 *(.text*)
 .text.__libc_init_array
                0x0000000008000408       0x48 /opt/homebrew/Cellar/arm-none-eabi-gcc/10.3-2021.10/gcc/bin/../lib/gcc/arm-none-eabi/10.3.1/../../../../arm-none-eabi/lib/thumb/v6-m/nofp/libc_nano.a(lib_a-init.o)
                0x0000000008000408                __libc_init_array
 .text.memset   0x0000000008000450       0x10 /opt/homebrew/Cellar/arm-none-eabi-gcc/10.3-2021.10/gcc/bin/../lib/gcc/arm-none-eabi/10.3.1/../../../../arm-none-eabi/lib/thumb/v6-m/nofp/libc_nano.a(lib_a-memset.o)
                0x0000000008000450                memset
 .text.APP_TIM1BaseConfig
                0x0000000008000460       0x7c ./Build/User/main.o
 .text.APP_PWMChannelConfig
                0x00000000080004dc       0x6c ./Build/User/main.o
 .text.APP_I2CConfig
                0x0000000008000548       0xb8 ./Build/User/main.o
 .text.touch_sense
                0x0000000008000600       0x88 ./Build/User/main.o
                0x0000000008000600                touch_sense
 .text.main     0x0000000008000688       0xa4 ./Build/User/main.o
                0x0000000008000688                main
 .text.rand     0x000000000800072c       0x18 ./Build/User/main.o
                0x000000000800072c                rand
 .text.APP_TIM1UpdateCallback
                0x0000000008000744       0xb8 ./Build/User/main.o
                0x0000000008000744                APP_TIM1UpdateCallback
 .text.NMI_Handler
                0x00000000080007fc        0x2 ./Build/User/py32f0xx_it.o
                0x00000000080007fc                NMI_Handler
 .text.HardFault_Handler
                0x00000000080007fe        0x2 ./Build/User/py32f0xx_it.o
                0x00000000080007fe                HardFault_Handler
 .text.SVC_Handler
                0x0000000008000800        0x2 ./Build/User/py32f0xx_it.o
                0x0000000008000800                SVC_Handler
 .text.PendSV_Handler
                0x0000000008000802        0x2 ./Build/User/py32f0xx_it.o
                0x0000000008000802                PendSV_Handler
 .text.SysTick_Handler
                0x0000000008000804        0x2 ./Build/User/py32f0xx_it.o
                0x0000000008000804                SysTick_Handler
 *fill*         0x0000000008000806        0x2 
 .text.TIM1_BRK_UP_TRG_COM_IRQHandler
                0x0000000008000808       0x24 ./Build/User/py32f0xx_it.o
                0x0000000008000808                TIM1_BRK_UP_TRG_COM_IRQHandler
 .text.I2C1_IRQHandler
                0x000000000800082c       0xc0 ./Build/User/py32f0xx_it.o
                0x000000000800082c                I2C1_IRQHandler
 .text.LL_GPIO_Init
                0x00000000080008ec       0xb0 ./Build/Libraries/PY32F0xx_LL_Driver/Src/py32f0xx_ll_gpio.o
                0x00000000080008ec                LL_GPIO_Init
 .text.OC1Config
                0x000000000800099c       0x78 ./Build/Libraries/PY32F0xx_LL_Driver/Src/py32f0xx_ll_tim.o
 .text.OC2Config
                0x0000000008000a14       0x84 ./Build/Libraries/PY32F0xx_LL_Driver/Src/py32f0xx_ll_tim.o
 .text.OC3Config
                0x0000000008000a98       0x8c ./Build/Libraries/PY32F0xx_LL_Driver/Src/py32f0xx_ll_tim.o
 .text.OC4Config
                0x0000000008000b24       0x68 ./Build/Libraries/PY32F0xx_LL_Driver/Src/py32f0xx_ll_tim.o
 .text.LL_TIM_Init
                0x0000000008000b8c       0x58 ./Build/Libraries/PY32F0xx_LL_Driver/Src/py32f0xx_ll_tim.o
                0x0000000008000b8c                LL_TIM_Init
 .text.LL_TIM_OC_Init
                0x0000000008000be4       0x40 ./Build/Libraries/PY32F0xx_LL_Driver/Src/py32f0xx_ll_tim.o
                0x0000000008000be4                LL_TIM_OC_Init
 .text.LL_I2C_Init
                0x0000000008000c24      0x10c ./Build/Libraries/PY32F0xx_LL_Driver/Src/py32f0xx_ll_i2c.o
                0x0000000008000c24                LL_I2C_Init
 .text.RCC_GetSystemClockFreq
                0x0000000008000d30       0x38 ./Build/Libraries/PY32F0xx_LL_Driver/Src/py32f0xx_ll_rcc.o
                0x0000000008000d30                RCC_GetSystemClockFreq
 .text.RCC_GetHCLKClockFreq
                0x0000000008000d68       0x20 ./Build/Libraries/PY32F0xx_LL_Driver/Src/py32f0xx_ll_rcc.o
                0x0000000008000d68                RCC_GetHCLKClockFreq
 .text.RCC_GetPCLK1ClockFreq
                0x0000000008000d88       0x20 ./Build/Libraries/PY32F0xx_LL_Driver/Src/py32f0xx_ll_rcc.o
                0x0000000008000d88                RCC_GetPCLK1ClockFreq
 .text.LL_RCC_GetSystemClocksFreq
                0x0000000008000da8       0x18 ./Build/Libraries/PY32F0xx_LL_Driver/Src/py32f0xx_ll_rcc.o
                0x0000000008000da8                LL_RCC_GetSystemClocksFreq
 .text.LL_Init1msTick
                0x0000000008000dc0       0x20 ./Build/Libraries/PY32F0xx_LL_Driver/Src/py32f0xx_ll_utils.o
                0x0000000008000dc0                LL_Init1msTick
 .text.LL_SetSystemCoreClock
                0x0000000008000de0        0xc ./Build/Libraries/PY32F0xx_LL_Driver/Src/py32f0xx_ll_utils.o
                0x0000000008000de0                LL_SetSystemCoreClock
 .text.__io_putchar
                0x0000000008000dec       0x20 ./Build/Libraries/PY32F0xx_LL_BSP/Src/py32f0xx_bsp_printf.o
                0x0000000008000dec                __io_putchar
 .text.__io_getchar
                0x0000000008000e0c       0x18 ./Build/Libraries/PY32F0xx_LL_BSP/Src/py32f0xx_bsp_printf.o
                0x0000000008000e0c                __io_getchar
 .text._write   0x0000000008000e24       0x1c ./Build/Libraries/PY32F0xx_LL_BSP/Src/py32f0xx_bsp_printf.o
                0x0000000008000e24                _write
 .text._read    0x0000000008000e40       0x1c ./Build/Libraries/PY32F0xx_LL_BSP/Src/py32f0xx_bsp_printf.o
                0x0000000008000e40                _read
 .text._isatty  0x0000000008000e5c       0x16 ./Build/Libraries/PY32F0xx_LL_BSP/Src/py32f0xx_bsp_printf.o
                0x0000000008000e5c                _isatty
 .text._close   0x0000000008000e72       0x18 ./Build/Libraries/PY32F0xx_LL_BSP/Src/py32f0xx_bsp_printf.o
                0x0000000008000e72                _close
 .text._lseek   0x0000000008000e8a       0x10 ./Build/Libraries/PY32F0xx_LL_BSP/Src/py32f0xx_bsp_printf.o
                0x0000000008000e8a                _lseek
 .text._fstat   0x0000000008000e9a       0x1a ./Build/Libraries/PY32F0xx_LL_BSP/Src/py32f0xx_bsp_printf.o
                0x0000000008000e9a                _fstat
 .text.BSP_RCC_HSI_24MConfig
                0x0000000008000eb4       0x88 ./Build/Libraries/PY32F0xx_LL_BSP/Src/py32f0xx_bsp_clock.o
                0x0000000008000eb4                BSP_RCC_HSI_24MConfig
 .text.SystemInit
                0x0000000008000f3c       0x4c ./Build/Libraries/CMSIS/Device/PY32F0xx/Source/system_py32f0xx.o
                0x0000000008000f3c                SystemInit
 .text.Reset_Handler
                0x0000000008000f88       0x50 ./Build/Libraries/CMSIS/Device/PY32F0xx/Source/gcc/startup_py32f002a.o
                0x0000000008000f88                Reset_Handler
 .text.Default_Handler
                0x0000000008000fd8        0x2 ./Build/Libraries/CMSIS/Device/PY32F0xx/Source/gcc/startup_py32f002a.o
                0x0000000008000fd8                LPTIM1_IRQHandler
                0x0000000008000fd8                SPI1_IRQHandler
                0x0000000008000fd8                EXTI2_3_IRQHandler
                0x0000000008000fd8                TIM16_IRQHandler
                0x0000000008000fd8                EXTI4_15_IRQHandler
                0x0000000008000fd8                RCC_IRQHandler
                0x0000000008000fd8                Default_Handler
                0x0000000008000fd8                EXTI0_1_IRQHandler
                0x0000000008000fd8                ADC_COMP_IRQHandler
                0x0000000008000fd8                FLASH_IRQHandler
                0x0000000008000fd8                USART1_IRQHandler
                0x0000000008000fd8                TIM1_CC_IRQHandler
 *fill*         0x0000000008000fda        0x2 
 .text.__errno  0x0000000008000fdc        0xc /opt/homebrew/Cellar/arm-none-eabi-gcc/10.3-2021.10/gcc/bin/../lib/gcc/arm-none-eabi/10.3.1/../../../../arm-none-eabi/lib/thumb/v6-m/nofp/libc_nano.a(lib_a-errno.o)
                0x0000000008000fdc                __errno
 .text.printf   0x0000000008000fe8       0x34 /opt/homebrew/Cellar/arm-none-eabi-gcc/10.3-2021.10/gcc/bin/../lib/gcc/arm-none-eabi/10.3.1/../../../../arm-none-eabi/lib/thumb/v6-m/nofp/libc_nano.a(lib_a-printf.o)
                0x0000000008000fe8                printf
                0x0000000008000fe8                iprintf
 .text.__sflush_r
                0x000000000800101c      0x118 /opt/homebrew/Cellar/arm-none-eabi-gcc/10.3-2021.10/gcc/bin/../lib/gcc/arm-none-eabi/10.3.1/../../../../arm-none-eabi/lib/thumb/v6-m/nofp/libc_nano.a(lib_a-fflush.o)
                0x000000000800101c                __sflush_r
 .text._fflush_r
                0x0000000008001134       0x80 /opt/homebrew/Cellar/arm-none-eabi-gcc/10.3-2021.10/gcc/bin/../lib/gcc/arm-none-eabi/10.3.1/../../../../arm-none-eabi/lib/thumb/v6-m/nofp/libc_nano.a(lib_a-fflush.o)
                0x0000000008001134                _fflush_r
 .text.std      0x00000000080011b4       0x48 /opt/homebrew/Cellar/arm-none-eabi-gcc/10.3-2021.10/gcc/bin/../lib/gcc/arm-none-eabi/10.3.1/../../../../arm-none-eabi/lib/thumb/v6-m/nofp/libc_nano.a(lib_a-findfp.o)
 .text._cleanup_r
                0x00000000080011fc       0x10 /opt/homebrew/Cellar/arm-none-eabi-gcc/10.3-2021.10/gcc/bin/../lib/gcc/arm-none-eabi/10.3.1/../../../../arm-none-eabi/lib/thumb/v6-m/nofp/libc_nano.a(lib_a-findfp.o)
                0x00000000080011fc                _cleanup_r
 .text.__sfmoreglue
                0x000000000800120c       0x2c /opt/homebrew/Cellar/arm-none-eabi-gcc/10.3-2021.10/gcc/bin/../lib/gcc/arm-none-eabi/10.3.1/../../../../arm-none-eabi/lib/thumb/v6-m/nofp/libc_nano.a(lib_a-findfp.o)
                0x000000000800120c                __sfmoreglue
 .text.__sfp_lock_acquire
                0x0000000008001238       0x10 /opt/homebrew/Cellar/arm-none-eabi-gcc/10.3-2021.10/gcc/bin/../lib/gcc/arm-none-eabi/10.3.1/../../../../arm-none-eabi/lib/thumb/v6-m/nofp/libc_nano.a(lib_a-findfp.o)
                0x0000000008001238                __sfp_lock_acquire
 .text.__sfp_lock_release
                0x0000000008001248       0x10 /opt/homebrew/Cellar/arm-none-eabi-gcc/10.3-2021.10/gcc/bin/../lib/gcc/arm-none-eabi/10.3.1/../../../../arm-none-eabi/lib/thumb/v6-m/nofp/libc_nano.a(lib_a-findfp.o)
                0x0000000008001248                __sfp_lock_release
 .text.__sinit_lock_acquire
                0x0000000008001258       0x10 /opt/homebrew/Cellar/arm-none-eabi-gcc/10.3-2021.10/gcc/bin/../lib/gcc/arm-none-eabi/10.3.1/../../../../arm-none-eabi/lib/thumb/v6-m/nofp/libc_nano.a(lib_a-findfp.o)
                0x0000000008001258                __sinit_lock_acquire
 .text.__sinit_lock_release
                0x0000000008001268       0x10 /opt/homebrew/Cellar/arm-none-eabi-gcc/10.3-2021.10/gcc/bin/../lib/gcc/arm-none-eabi/10.3.1/../../../../arm-none-eabi/lib/thumb/v6-m/nofp/libc_nano.a(lib_a-findfp.o)
                0x0000000008001268                __sinit_lock_release
 .text.__sinit  0x0000000008001278       0x70 /opt/homebrew/Cellar/arm-none-eabi-gcc/10.3-2021.10/gcc/bin/../lib/gcc/arm-none-eabi/10.3.1/../../../../arm-none-eabi/lib/thumb/v6-m/nofp/libc_nano.a(lib_a-findfp.o)
                0x0000000008001278                __sinit
 .text.__sfp    0x00000000080012e8       0x90 /opt/homebrew/Cellar/arm-none-eabi-gcc/10.3-2021.10/gcc/bin/../lib/gcc/arm-none-eabi/10.3.1/../../../../arm-none-eabi/lib/thumb/v6-m/nofp/libc_nano.a(lib_a-findfp.o)
                0x00000000080012e8                __sfp
 .text._fwalk_reent
                0x0000000008001378       0x40 /opt/homebrew/Cellar/arm-none-eabi-gcc/10.3-2021.10/gcc/bin/../lib/gcc/arm-none-eabi/10.3.1/../../../../arm-none-eabi/lib/thumb/v6-m/nofp/libc_nano.a(lib_a-fwalk.o)
                0x0000000008001378                _fwalk_reent
 .text.__retarget_lock_init_recursive
                0x00000000080013b8        0x2 /opt/homebrew/Cellar/arm-none-eabi-gcc/10.3-2021.10/gcc/bin/../lib/gcc/arm-none-eabi/10.3.1/../../../../arm-none-eabi/lib/thumb/v6-m/nofp/libc_nano.a(lib_a-lock.o)
                0x00000000080013b8                __retarget_lock_init_recursive
 .text.__retarget_lock_acquire_recursive
                0x00000000080013ba        0x2 /opt/homebrew/Cellar/arm-none-eabi-gcc/10.3-2021.10/gcc/bin/../lib/gcc/arm-none-eabi/10.3.1/../../../../arm-none-eabi/lib/thumb/v6-m/nofp/libc_nano.a(lib_a-lock.o)
                0x00000000080013ba                __retarget_lock_acquire_recursive
 .text.__retarget_lock_release_recursive
                0x00000000080013bc        0x2 /opt/homebrew/Cellar/arm-none-eabi-gcc/10.3-2021.10/gcc/bin/../lib/gcc/arm-none-eabi/10.3.1/../../../../arm-none-eabi/lib/thumb/v6-m/nofp/libc_nano.a(lib_a-lock.o)
                0x00000000080013bc                __retarget_lock_release_recursive
 *fill*         0x00000000080013be        0x2 
 .text.__swhatbuf_r
                0x00000000080013c0       0x50 /opt/homebrew/Cellar/arm-none-eabi-gcc/10.3-2021.10/gcc/bin/../lib/gcc/arm-none-eabi/10.3.1/../../../../arm-none-eabi/lib/thumb/v6-m/nofp/libc_nano.a(lib_a-makebuf.o)
                0x00000000080013c0                __swhatbuf_r
 .text.__smakebuf_r
                0x0000000008001410       0x88 /opt/homebrew/Cellar/arm-none-eabi-gcc/10.3-2021.10/gcc/bin/../lib/gcc/arm-none-eabi/10.3.1/../../../../arm-none-eabi/lib/thumb/v6-m/nofp/libc_nano.a(lib_a-makebuf.o)
                0x0000000008001410                __smakebuf_r
 .text._free_r  0x0000000008001498       0x94 /opt/homebrew/Cellar/arm-none-eabi-gcc/10.3-2021.10/gcc/bin/../lib/gcc/arm-none-eabi/10.3.1/../../../../arm-none-eabi/lib/thumb/v6-m/nofp/libc_nano.a(lib_a-nano-freer.o)
                0x0000000008001498                _free_r
 .text.sbrk_aligned
                0x000000000800152c       0x44 /opt/homebrew/Cellar/arm-none-eabi-gcc/10.3-2021.10/gcc/bin/../lib/gcc/arm-none-eabi/10.3.1/../../../../arm-none-eabi/lib/thumb/v6-m/nofp/libc_nano.a(lib_a-nano-mallocr.o)
 .text._malloc_r
                0x0000000008001570       0xec /opt/homebrew/Cellar/arm-none-eabi-gcc/10.3-2021.10/gcc/bin/../lib/gcc/arm-none-eabi/10.3.1/../../../../arm-none-eabi/lib/thumb/v6-m/nofp/libc_nano.a(lib_a-nano-mallocr.o)
                0x0000000008001570                _malloc_r
 .text.__sfputc_r
                0x000000000800165c       0x2a /opt/homebrew/Cellar/arm-none-eabi-gcc/10.3-2021.10/gcc/bin/../lib/gcc/arm-none-eabi/10.3.1/../../../../arm-none-eabi/lib/thumb/v6-m/nofp/libc_nano.a(lib_a-nano-vfprintf.o)
 .text.__sfputs_r
                0x0000000008001686       0x24 /opt/homebrew/Cellar/arm-none-eabi-gcc/10.3-2021.10/gcc/bin/../lib/gcc/arm-none-eabi/10.3.1/../../../../arm-none-eabi/lib/thumb/v6-m/nofp/libc_nano.a(lib_a-nano-vfprintf.o)
                0x0000000008001686                __sfputs_r
 *fill*         0x00000000080016aa        0x2 
 .text._vfprintf_r
                0x00000000080016ac      0x274 /opt/homebrew/Cellar/arm-none-eabi-gcc/10.3-2021.10/gcc/bin/../lib/gcc/arm-none-eabi/10.3.1/../../../../arm-none-eabi/lib/thumb/v6-m/nofp/libc_nano.a(lib_a-nano-vfprintf.o)
                0x00000000080016ac                _vfiprintf_r
                0x00000000080016ac                _vfprintf_r
 .text._printf_common
                0x0000000008001920       0xde /opt/homebrew/Cellar/arm-none-eabi-gcc/10.3-2021.10/gcc/bin/../lib/gcc/arm-none-eabi/10.3.1/../../../../arm-none-eabi/lib/thumb/v6-m/nofp/libc_nano.a(lib_a-nano-vfprintf_i.o)
                0x0000000008001920                _printf_common
 *fill*         0x00000000080019fe        0x2 
 .text._printf_i
                0x0000000008001a00      0x224 /opt/homebrew/Cellar/arm-none-eabi-gcc/10.3-2021.10/gcc/bin/../lib/gcc/arm-none-eabi/10.3.1/../../../../arm-none-eabi/lib/thumb/v6-m/nofp/libc_nano.a(lib_a-nano-vfprintf_i.o)
                0x0000000008001a00                _printf_i
 .text._sbrk_r  0x0000000008001c24       0x24 /opt/homebrew/Cellar/arm-none-eabi-gcc/10.3-2021.10/gcc/bin/../lib/gcc/arm-none-eabi/10.3.1/../../../../arm-none-eabi/lib/thumb/v6-m/nofp/libc_nano.a(lib_a-sbrkr.o)
                0x0000000008001c24                _sbrk_r
 .text.__sread  0x0000000008001c48       0x28 /opt/homebrew/Cellar/arm-none-eabi-gcc/10.3-2021.10/gcc/bin/../lib/gcc/arm-none-eabi/10.3.1/../../../../arm-none-eabi/lib/thumb/v6-m/nofp/libc_nano.a(lib_a-stdio.o)
                0x0000000008001c48                __sread
 .text.__swrite
                0x0000000008001c70       0x38 /opt/homebrew/Cellar/arm-none-eabi-gcc/10.3-2021.10/gcc/bin/../lib/gcc/arm-none-eabi/10.3.1/../../../../arm-none-eabi/lib/thumb/v6-m/nofp/libc_nano.a(lib_a-stdio.o)
                0x0000000008001c70                __swrite
 .text.__sseek  0x0000000008001ca8       0x2c /opt/homebrew/Cellar/arm-none-eabi-gcc/10.3-2021.10/gcc/bin/../lib/gcc/arm-none-eabi/10.3.1/../../../../arm-none-eabi/lib/thumb/v6-m/nofp/libc_nano.a(lib_a-stdio.o)
                0x0000000008001ca8                __sseek
 .text.__sclose
                0x0000000008001cd4        0xc /opt/homebrew/Cellar/arm-none-eabi-gcc/10.3-2021.10/gcc/bin/../lib/gcc/arm-none-eabi/10.3.1/../../../../arm-none-eabi/lib/thumb/v6-m/nofp/libc_nano.a(lib_a-stdio.o)
                0x0000000008001cd4                __sclose
 .text.__swbuf_r
                0x0000000008001ce0       0xac /opt/homebrew/Cellar/arm-none-eabi-gcc/10.3-2021.10/gcc/bin/../lib/gcc/arm-none-eabi/10.3.1/../../../../arm-none-eabi/lib/thumb/v6-m/nofp/libc_nano.a(lib_a-wbuf.o)
                0x0000000008001ce0                __swbuf_r
 .text._write_r
                0x0000000008001d8c       0x28 /opt/homebrew/Cellar/arm-none-eabi-gcc/10.3-2021.10/gcc/bin/../lib/gcc/arm-none-eabi/10.3.1/../../../../arm-none-eabi/lib/thumb/v6-m/nofp/libc_nano.a(lib_a-writer.o)
                0x0000000008001d8c                _write_r
 .text.__swsetup_r
                0x0000000008001db4       0xf0 /opt/homebrew/Cellar/arm-none-eabi-gcc/10.3-2021.10/gcc/bin/../lib/gcc/arm-none-eabi/10.3.1/../../../../arm-none-eabi/lib/thumb/v6-m/nofp/libc_nano.a(lib_a-wsetup.o)
                0x0000000008001db4                __swsetup_r
 .text._close_r
                0x0000000008001ea4       0x24 /opt/homebrew/Cellar/arm-none-eabi-gcc/10.3-2021.10/gcc/bin/../lib/gcc/arm-none-eabi/10.3.1/../../../../arm-none-eabi/lib/thumb/v6-m/nofp/libc_nano.a(lib_a-closer.o)
                0x0000000008001ea4                _close_r
 .text._fstat_r
                0x0000000008001ec8       0x24 /opt/homebrew/Cellar/arm-none-eabi-gcc/10.3-2021.10/gcc/bin/../lib/gcc/arm-none-eabi/10.3.1/../../../../arm-none-eabi/lib/thumb/v6-m/nofp/libc_nano.a(lib_a-fstatr.o)
                0x0000000008001ec8                _fstat_r
 .text._isatty_r
                0x0000000008001eec       0x24 /opt/homebrew/Cellar/arm-none-eabi-gcc/10.3-2021.10/gcc/bin/../lib/gcc/arm-none-eabi/10.3.1/../../../../arm-none-eabi/lib/thumb/v6-m/nofp/libc_nano.a(lib_a-isattyr.o)
                0x0000000008001eec                _isatty_r
 .text._lseek_r
                0x0000000008001f10       0x28 /opt/homebrew/Cellar/arm-none-eabi-gcc/10.3-2021.10/gcc/bin/../lib/gcc/arm-none-eabi/10.3.1/../../../../arm-none-eabi/lib/thumb/v6-m/nofp/libc_nano.a(lib_a-lseekr.o)
                0x0000000008001f10                _lseek_r
 .text.memchr   0x0000000008001f38       0x16 /opt/homebrew/Cellar/arm-none-eabi-gcc/10.3-2021.10/gcc/bin/../lib/gcc/arm-none-eabi/10.3.1/../../../../arm-none-eabi/lib/thumb/v6-m/nofp/libc_nano.a(lib_a-memchr-stub.o)
                0x0000000008001f38                memchr
 *fill*         0x0000000008001f4e        0x2 
 .text.__malloc_lock
                0x0000000008001f50       0x10 /opt/homebrew/Cellar/arm-none-eabi-gcc/10.3-2021.10/gcc/bin/../lib/gcc/arm-none-eabi/10.3.1/../../../../arm-none-eabi/lib/thumb/v6-m/nofp/libc_nano.a(lib_a-mlock.o)
                0x0000000008001f50                __malloc_lock
 .text.__malloc_unlock
                0x0000000008001f60       0x10 /opt/homebrew/Cellar/arm-none-eabi-gcc/10.3-2021.10/gcc/bin/../lib/gcc/arm-none-eabi/10.3.1/../../../../arm-none-eabi/lib/thumb/v6-m/nofp/libc_nano.a(lib_a-mlock.o)
                0x0000000008001f60                __malloc_unlock
 .text._read_r  0x0000000008001f70       0x28 /opt/homebrew/Cellar/arm-none-eabi-gcc/10.3-2021.10/gcc/bin/../lib/gcc/arm-none-eabi/10.3.1/../../../../arm-none-eabi/lib/thumb/v6-m/nofp/libc_nano.a(lib_a-readr.o)
                0x0000000008001f70                _read_r
 .text._sbrk    0x0000000008001f98       0x1c /opt/homebrew/Cellar/arm-none-eabi-gcc/10.3-2021.10/gcc/bin/../lib/gcc/arm-none-eabi/10.3.1/../../../../arm-none-eabi/lib/thumb/v6-m/nofp/libnosys.a(sbrk.o)
                0x0000000008001f98                _sbrk
 *(.glue_7)
 .glue_7        0x0000000008001fb4        0x0 linker stubs
 *(.glue_7t)
 .glue_7t       0x0000000008001fb4        0x0 linker stubs
 *(.eh_frame)
 .eh_frame      0x0000000008001fb4        0x0 /opt/homebrew/Cellar/arm-none-eabi-gcc/10.3-2021.10/gcc/bin/../lib/gcc/arm-none-eabi/10.3.1/thumb/v6-m/nofp/crtbegin.o
 *(.init)
 .init          0x0000000008001fb4        0x4 /opt/homebrew/Cellar/arm-none-eabi-gcc/10.3-2021.10/gcc/bin/../lib/gcc/arm-none-eabi/10.3.1/thumb/v6-m/nofp/crti.o
                0x0000000008001fb4                _init
 .init          0x0000000008001fb8        0x8 /opt/homebrew/Cellar/arm-none-eabi-gcc/10.3-2021.10/gcc/bin/../lib/gcc/arm-none-eabi/10.3.1/thumb/v6-m/nofp/crtn.o
 *(.fini)
 .fini          0x0000000008001fc0        0x4 /opt/homebrew/Cellar/arm-none-eabi-gcc/10.3-2021.10/gcc/bin/../lib/gcc/arm-none-eabi/10.3.1/thumb/v6-m/nofp/crti.o
                0x0000000008001fc0                _fini
 .fini          0x0000000008001fc4        0x8 /opt/homebrew/Cellar/arm-none-eabi-gcc/10.3-2021.10/gcc/bin/../lib/gcc/arm-none-eabi/10.3.1/thumb/v6-m/nofp/crtn.o
                0x0000000008001fcc                . = ALIGN (0x4)
                0x0000000008001fcc                _etext = .

.vfp11_veneer   0x0000000008001fcc        0x0
 .vfp11_veneer  0x0000000008001fcc        0x0 linker stubs

.v4_bx          0x0000000008001fcc        0x0
 .v4_bx         0x0000000008001fcc        0x0 linker stubs

.iplt           0x0000000008001fcc        0x0
 .iplt          0x0000000008001fcc        0x0 /opt/homebrew/Cellar/arm-none-eabi-gcc/10.3-2021.10/gcc/bin/../lib/gcc/arm-none-eabi/10.3.1/thumb/v6-m/nofp/crtbegin.o

.rodata         0x0000000008001fcc      0x3e8
                0x0000000008001fcc                . = ALIGN (0x4)
 *(.rodata)
 *(.rodata*)
 .rodata._global_impure_ptr
                0x0000000008001fcc        0x4 /opt/homebrew/Cellar/arm-none-eabi-gcc/10.3-2021.10/gcc/bin/../lib/gcc/arm-none-eabi/10.3.1/../../../../arm-none-eabi/lib/thumb/v6-m/nofp/libc_nano.a(lib_a-impure.o)
                0x0000000008001fcc                _global_impure_ptr
 .rodata.main.str1.4
                0x0000000008001fd0        0xd ./Build/User/main.o
 *fill*         0x0000000008001fdd        0x3 
 .rodata.heart_pat
                0x0000000008001fe0       0x60 ./Build/User/main.o
                0x0000000008001fe0                heart_pat
 .rodata.saw_pat
                0x0000000008002040       0x54 ./Build/User/main.o
                0x0000000008002040                saw_pat
 .rodata.sineLookupTable
                0x0000000008002094      0x200 ./Build/User/main.o
                0x0000000008002094                sineLookupTable
 .rodata.serial
                0x0000000008002294        0x9 ./Build/User/py32f0xx_it.o
                0x0000000008002294                serial
 *fill*         0x000000000800229d        0x3 
 .rodata.AHBPrescTable
                0x00000000080022a0       0x40 ./Build/Libraries/CMSIS/Device/PY32F0xx/Source/system_py32f0xx.o
                0x00000000080022a0                AHBPrescTable
 .rodata.APBPrescTable
                0x00000000080022e0       0x20 ./Build/Libraries/CMSIS/Device/PY32F0xx/Source/system_py32f0xx.o
                0x00000000080022e0                APBPrescTable
 .rodata.HSIFreqTable
                0x0000000008002300       0x20 ./Build/Libraries/CMSIS/Device/PY32F0xx/Source/system_py32f0xx.o
                0x0000000008002300                HSIFreqTable
 .rodata.__sf_fake_stderr
                0x0000000008002320       0x20 /opt/homebrew/Cellar/arm-none-eabi-gcc/10.3-2021.10/gcc/bin/../lib/gcc/arm-none-eabi/10.3.1/../../../../arm-none-eabi/lib/thumb/v6-m/nofp/libc_nano.a(lib_a-findfp.o)
                0x0000000008002320                __sf_fake_stderr
 .rodata.__sf_fake_stdin
                0x0000000008002340       0x20 /opt/homebrew/Cellar/arm-none-eabi-gcc/10.3-2021.10/gcc/bin/../lib/gcc/arm-none-eabi/10.3.1/../../../../arm-none-eabi/lib/thumb/v6-m/nofp/libc_nano.a(lib_a-findfp.o)
                0x0000000008002340                __sf_fake_stdin
 .rodata.__sf_fake_stdout
                0x0000000008002360       0x20 /opt/homebrew/Cellar/arm-none-eabi-gcc/10.3-2021.10/gcc/bin/../lib/gcc/arm-none-eabi/10.3.1/../../../../arm-none-eabi/lib/thumb/v6-m/nofp/libc_nano.a(lib_a-findfp.o)
                0x0000000008002360                __sf_fake_stdout
 .rodata._vfprintf_r.str1.1
                0x0000000008002380       0x11 /opt/homebrew/Cellar/arm-none-eabi-gcc/10.3-2021.10/gcc/bin/../lib/gcc/arm-none-eabi/10.3.1/../../../../arm-none-eabi/lib/thumb/v6-m/nofp/libc_nano.a(lib_a-nano-vfprintf.o)
 .rodata._printf_i.str1.1
                0x0000000008002391       0x22 /opt/homebrew/Cellar/arm-none-eabi-gcc/10.3-2021.10/gcc/bin/../lib/gcc/arm-none-eabi/10.3.1/../../../../arm-none-eabi/lib/thumb/v6-m/nofp/libc_nano.a(lib_a-nano-vfprintf_i.o)
                0x00000000080023b4                . = ALIGN (0x4)
 *fill*         0x00000000080023b3        0x1 

.rel.dyn        0x00000000080023b4        0x0
 .rel.iplt      0x00000000080023b4        0x0 /opt/homebrew/Cellar/arm-none-eabi-gcc/10.3-2021.10/gcc/bin/../lib/gcc/arm-none-eabi/10.3.1/thumb/v6-m/nofp/crtbegin.o

.ARM.extab
 *(.ARM.extab* .gnu.linkonce.armextab.*)

.ARM            0x00000000080023b4        0x0
                0x00000000080023b4                __exidx_start = .
 *(.ARM.exidx*)
                0x00000000080023b4                __exidx_end = .

.preinit_array  0x00000000080023b4        0x0
                0x00000000080023b4                PROVIDE (__preinit_array_start = .)
 *(.preinit_array*)
                0x00000000080023b4                PROVIDE (__preinit_array_end = .)

.init_array     0x00000000080023b4        0x4
                0x00000000080023b4                PROVIDE (__init_array_start = .)
 *(SORT_BY_NAME(.init_array.*))
 *(.init_array*)
 .init_array    0x00000000080023b4        0x4 /opt/homebrew/Cellar/arm-none-eabi-gcc/10.3-2021.10/gcc/bin/../lib/gcc/arm-none-eabi/10.3.1/thumb/v6-m/nofp/crtbegin.o
                0x00000000080023b8                PROVIDE (__init_array_end = .)

.fini_array     0x00000000080023b8        0x4
                [!provide]                        PROVIDE (__fini_array_start = .)
 *(SORT_BY_NAME(.fini_array.*))
 *(.fini_array*)
 .fini_array    0x00000000080023b8        0x4 /opt/homebrew/Cellar/arm-none-eabi-gcc/10.3-2021.10/gcc/bin/../lib/gcc/arm-none-eabi/10.3.1/thumb/v6-m/nofp/crtbegin.o
                [!provide]                        PROVIDE (__fini_array_end = .)
                0x00000000080023bc                _sidata = LOADADDR (.data)

.data           0x00000000200000c0       0x70 load address 0x00000000080023bc
                0x00000000200000c0                . = ALIGN (0x4)
                0x00000000200000c0                _sdata = .
 *(.data)
 *(.data*)
 .data._impure_ptr
                0x00000000200000c0        0x4 /opt/homebrew/Cellar/arm-none-eabi-gcc/10.3-2021.10/gcc/bin/../lib/gcc/arm-none-eabi/10.3.1/../../../../arm-none-eabi/lib/thumb/v6-m/nofp/libc_nano.a(lib_a-impure.o)
                0x00000000200000c0                _impure_ptr
 .data.impure_data
                0x00000000200000c4       0x60 /opt/homebrew/Cellar/arm-none-eabi-gcc/10.3-2021.10/gcc/bin/../lib/gcc/arm-none-eabi/10.3.1/../../../../arm-none-eabi/lib/thumb/v6-m/nofp/libc_nano.a(lib_a-impure.o)
 .data.flame    0x0000000020000124        0x4 ./Build/User/main.o
                0x0000000020000124                flame
 .data.rseed    0x0000000020000128        0x4 ./Build/User/main.o
                0x0000000020000128                rseed
 .data.SystemCoreClock
                0x000000002000012c        0x4 ./Build/Libraries/CMSIS/Device/PY32F0xx/Source/system_py32f0xx.o
                0x000000002000012c                SystemCoreClock
                0x0000000020000130                . = ALIGN (0x4)
                0x0000000020000130                _edata = .

.igot.plt       0x0000000020000130        0x0 load address 0x000000000800242c
 .igot.plt      0x0000000020000130        0x0 /opt/homebrew/Cellar/arm-none-eabi-gcc/10.3-2021.10/gcc/bin/../lib/gcc/arm-none-eabi/10.3.1/thumb/v6-m/nofp/crtbegin.o
                0x0000000020000130                . = ALIGN (0x4)

.bss            0x0000000020000130       0x3c load address 0x000000000800242c
                0x0000000020000130                _sbss = .
                0x0000000020000130                __bss_start__ = _sbss
 *(.bss)
 .bss           0x0000000020000130       0x1c /opt/homebrew/Cellar/arm-none-eabi-gcc/10.3-2021.10/gcc/bin/../lib/gcc/arm-none-eabi/10.3.1/thumb/v6-m/nofp/crtbegin.o
 *(.bss*)
 .bss.idx       0x000000002000014c        0x4 ./Build/User/main.o
                0x000000002000014c                idx
 .bss.ptn       0x0000000020000150        0x4 ./Build/User/main.o
                0x0000000020000150                ptn
 .bss.touch     0x0000000020000154        0x4 ./Build/User/main.o
                0x0000000020000154                touch
 .bss.i2c_idx   0x0000000020000158        0x1 ./Build/User/py32f0xx_it.o
                0x0000000020000158                i2c_idx
 .bss.__lock___malloc_recursive_mutex
                0x0000000020000159        0x1 /opt/homebrew/Cellar/arm-none-eabi-gcc/10.3-2021.10/gcc/bin/../lib/gcc/arm-none-eabi/10.3.1/../../../../arm-none-eabi/lib/thumb/v6-m/nofp/libc_nano.a(lib_a-lock.o)
                0x0000000020000159                __lock___malloc_recursive_mutex
 .bss.__lock___sfp_recursive_mutex
                0x000000002000015a        0x1 /opt/homebrew/Cellar/arm-none-eabi-gcc/10.3-2021.10/gcc/bin/../lib/gcc/arm-none-eabi/10.3.1/../../../../arm-none-eabi/lib/thumb/v6-m/nofp/libc_nano.a(lib_a-lock.o)
                0x000000002000015a                __lock___sfp_recursive_mutex
 .bss.__lock___sinit_recursive_mutex
                0x000000002000015b        0x1 /opt/homebrew/Cellar/arm-none-eabi-gcc/10.3-2021.10/gcc/bin/../lib/gcc/arm-none-eabi/10.3.1/../../../../arm-none-eabi/lib/thumb/v6-m/nofp/libc_nano.a(lib_a-lock.o)
                0x000000002000015b                __lock___sinit_recursive_mutex
 .bss.__malloc_free_list
                0x000000002000015c        0x4 /opt/homebrew/Cellar/arm-none-eabi-gcc/10.3-2021.10/gcc/bin/../lib/gcc/arm-none-eabi/10.3.1/../../../../arm-none-eabi/lib/thumb/v6-m/nofp/libc_nano.a(lib_a-nano-mallocr.o)
                0x000000002000015c                __malloc_free_list
 .bss.__malloc_sbrk_start
                0x0000000020000160        0x4 /opt/homebrew/Cellar/arm-none-eabi-gcc/10.3-2021.10/gcc/bin/../lib/gcc/arm-none-eabi/10.3.1/../../../../arm-none-eabi/lib/thumb/v6-m/nofp/libc_nano.a(lib_a-nano-mallocr.o)
                0x0000000020000160                __malloc_sbrk_start
 .bss.errno     0x0000000020000164        0x4 /opt/homebrew/Cellar/arm-none-eabi-gcc/10.3-2021.10/gcc/bin/../lib/gcc/arm-none-eabi/10.3.1/../../../../arm-none-eabi/lib/thumb/v6-m/nofp/libc_nano.a(lib_a-reent.o)
                0x0000000020000164                errno
 .bss.heap_end.0
                0x0000000020000168        0x4 /opt/homebrew/Cellar/arm-none-eabi-gcc/10.3-2021.10/gcc/bin/../lib/gcc/arm-none-eabi/10.3.1/../../../../arm-none-eabi/lib/thumb/v6-m/nofp/libnosys.a(sbrk.o)
 *(COMMON)
                0x000000002000016c                . = ALIGN (0x4)
                0x000000002000016c                _ebss = .
                0x000000002000016c                __bss_end__ = _ebss

._user_heap_stack
                0x000000002000016c      0x304 load address 0x000000000800242c
                0x0000000020000170                . = ALIGN (0x8)
 *fill*         0x000000002000016c        0x4 
                0x0000000020000170                PROVIDE (end = .)
                [!provide]                        PROVIDE (_end = .)
                0x0000000020000270                . = (. + _Min_Heap_Size)
 *fill*         0x0000000020000170      0x100 
                0x0000000020000470                . = (. + _Min_Stack_Size)
 *fill*         0x0000000020000270      0x200 
                0x0000000020000470                . = ALIGN (0x8)

/DISCARD/
 libc.a(*)
 libm.a(*)
 libgcc.a(*)

.ARM.attributes
                0x0000000000000000       0x28
 *(.ARM.attributes)
 .ARM.attributes
                0x0000000000000000       0x1e /opt/homebrew/Cellar/arm-none-eabi-gcc/10.3-2021.10/gcc/bin/../lib/gcc/arm-none-eabi/10.3.1/thumb/v6-m/nofp/crti.o
 .ARM.attributes
                0x000000000000001e       0x2c /opt/homebrew/Cellar/arm-none-eabi-gcc/10.3-2021.10/gcc/bin/../lib/gcc/arm-none-eabi/10.3.1/thumb/v6-m/nofp/crtbegin.o
 .ARM.attributes
                0x000000000000004a       0x2c /opt/homebrew/Cellar/arm-none-eabi-gcc/10.3-2021.10/gcc/bin/../lib/gcc/arm-none-eabi/10.3.1/../../../../arm-none-eabi/lib/thumb/v6-m/nofp/libc_nano.a(lib_a-impure.o)
 .ARM.attributes
                0x0000000000000076       0x2c /opt/homebrew/Cellar/arm-none-eabi-gcc/10.3-2021.10/gcc/bin/../lib/gcc/arm-none-eabi/10.3.1/../../../../arm-none-eabi/lib/thumb/v6-m/nofp/libc_nano.a(lib_a-init.o)
 .ARM.attributes
                0x00000000000000a2       0x2c /opt/homebrew/Cellar/arm-none-eabi-gcc/10.3-2021.10/gcc/bin/../lib/gcc/arm-none-eabi/10.3.1/../../../../arm-none-eabi/lib/thumb/v6-m/nofp/libc_nano.a(lib_a-memset.o)
 .ARM.attributes
                0x00000000000000ce       0x2c ./Build/User/main.o
 .ARM.attributes
                0x00000000000000fa       0x2c ./Build/User/py32f0xx_it.o
 .ARM.attributes
                0x0000000000000126       0x2c ./Build/Libraries/PY32F0xx_LL_Driver/Src/py32f0xx_ll_gpio.o
 .ARM.attributes
                0x0000000000000152       0x2c ./Build/Libraries/PY32F0xx_LL_Driver/Src/py32f0xx_ll_tim.o
 .ARM.attributes
                0x000000000000017e       0x2c ./Build/Libraries/PY32F0xx_LL_Driver/Src/py32f0xx_ll_i2c.o
 .ARM.attributes
                0x00000000000001aa       0x2c ./Build/Libraries/PY32F0xx_LL_Driver/Src/py32f0xx_ll_rcc.o
 .ARM.attributes
                0x00000000000001d6       0x2c ./Build/Libraries/PY32F0xx_LL_Driver/Src/py32f0xx_ll_utils.o
 .ARM.attributes
                0x0000000000000202       0x2c ./Build/Libraries/PY32F0xx_LL_BSP/Src/py32f0xx_bsp_printf.o
 .ARM.attributes
                0x000000000000022e       0x2c ./Build/Libraries/PY32F0xx_LL_BSP/Src/py32f0xx_bsp_clock.o
 .ARM.attributes
                0x000000000000025a       0x2c ./Build/Libraries/CMSIS/Device/PY32F0xx/Source/system_py32f0xx.o
 .ARM.attributes
                0x0000000000000286       0x22 ./Build/Libraries/CMSIS/Device/PY32F0xx/Source/gcc/startup_py32f002a.o
 .ARM.attributes
                0x00000000000002a8       0x1e /opt/homebrew/Cellar/arm-none-eabi-gcc/10.3-2021.10/gcc/bin/../lib/gcc/arm-none-eabi/10.3.1/thumb/v6-m/nofp/libgcc.a(_udivsi3.o)
 .ARM.attributes
                0x00000000000002c6       0x1e /opt/homebrew/Cellar/arm-none-eabi-gcc/10.3-2021.10/gcc/bin/../lib/gcc/arm-none-eabi/10.3.1/thumb/v6-m/nofp/libgcc.a(_divsi3.o)
 .ARM.attributes
                0x00000000000002e4       0x1e /opt/homebrew/Cellar/arm-none-eabi-gcc/10.3-2021.10/gcc/bin/../lib/gcc/arm-none-eabi/10.3.1/thumb/v6-m/nofp/libgcc.a(_dvmd_tls.o)
 .ARM.attributes
                0x0000000000000302       0x2c /opt/homebrew/Cellar/arm-none-eabi-gcc/10.3-2021.10/gcc/bin/../lib/gcc/arm-none-eabi/10.3.1/../../../../arm-none-eabi/lib/thumb/v6-m/nofp/libc_nano.a(lib_a-errno.o)
 .ARM.attributes
                0x000000000000032e       0x2c /opt/homebrew/Cellar/arm-none-eabi-gcc/10.3-2021.10/gcc/bin/../lib/gcc/arm-none-eabi/10.3.1/../../../../arm-none-eabi/lib/thumb/v6-m/nofp/libc_nano.a(lib_a-printf.o)
 .ARM.attributes
                0x000000000000035a       0x2c /opt/homebrew/Cellar/arm-none-eabi-gcc/10.3-2021.10/gcc/bin/../lib/gcc/arm-none-eabi/10.3.1/../../../../arm-none-eabi/lib/thumb/v6-m/nofp/libc_nano.a(lib_a-fflush.o)
 .ARM.attributes
                0x0000000000000386       0x2c /opt/homebrew/Cellar/arm-none-eabi-gcc/10.3-2021.10/gcc/bin/../lib/gcc/arm-none-eabi/10.3.1/../../../../arm-none-eabi/lib/thumb/v6-m/nofp/libc_nano.a(lib_a-findfp.o)
 .ARM.attributes
                0x00000000000003b2       0x2c /opt/homebrew/Cellar/arm-none-eabi-gcc/10.3-2021.10/gcc/bin/../lib/gcc/arm-none-eabi/10.3.1/../../../../arm-none-eabi/lib/thumb/v6-m/nofp/libc_nano.a(lib_a-fwalk.o)
 .ARM.attributes
                0x00000000000003de       0x2c /opt/homebrew/Cellar/arm-none-eabi-gcc/10.3-2021.10/gcc/bin/../lib/gcc/arm-none-eabi/10.3.1/../../../../arm-none-eabi/lib/thumb/v6-m/nofp/libc_nano.a(lib_a-lock.o)
 .ARM.attributes
                0x000000000000040a       0x2c /opt/homebrew/Cellar/arm-none-eabi-gcc/10.3-2021.10/gcc/bin/../lib/gcc/arm-none-eabi/10.3.1/../../../../arm-none-eabi/lib/thumb/v6-m/nofp/libc_nano.a(lib_a-makebuf.o)
 .ARM.attributes
                0x0000000000000436       0x2c /opt/homebrew/Cellar/arm-none-eabi-gcc/10.3-2021.10/gcc/bin/../lib/gcc/arm-none-eabi/10.3.1/../../../../arm-none-eabi/lib/thumb/v6-m/nofp/libc_nano.a(lib_a-nano-freer.o)
 .ARM.attributes
                0x0000000000000462       0x2c /opt/homebrew/Cellar/arm-none-eabi-gcc/10.3-2021.10/gcc/bin/../lib/gcc/arm-none-eabi/10.3.1/../../../../arm-none-eabi/lib/thumb/v6-m/nofp/libc_nano.a(lib_a-nano-mallocr.o)
 .ARM.attributes
                0x000000000000048e       0x2c /opt/homebrew/Cellar/arm-none-eabi-gcc/10.3-2021.10/gcc/bin/../lib/gcc/arm-none-eabi/10.3.1/../../../../arm-none-eabi/lib/thumb/v6-m/nofp/libc_nano.a(lib_a-nano-vfprintf.o)
 .ARM.attributes
                0x00000000000004ba       0x2c /opt/homebrew/Cellar/arm-none-eabi-gcc/10.3-2021.10/gcc/bin/../lib/gcc/arm-none-eabi/10.3.1/../../../../arm-none-eabi/lib/thumb/v6-m/nofp/libc_nano.a(lib_a-nano-vfprintf_i.o)
 .ARM.attributes
                0x00000000000004e6       0x2c /opt/homebrew/Cellar/arm-none-eabi-gcc/10.3-2021.10/gcc/bin/../lib/gcc/arm-none-eabi/10.3.1/../../../../arm-none-eabi/lib/thumb/v6-m/nofp/libc_nano.a(lib_a-sbrkr.o)
 .ARM.attributes
                0x0000000000000512       0x2c /opt/homebrew/Cellar/arm-none-eabi-gcc/10.3-2021.10/gcc/bin/../lib/gcc/arm-none-eabi/10.3.1/../../../../arm-none-eabi/lib/thumb/v6-m/nofp/libc_nano.a(lib_a-stdio.o)
 .ARM.attributes
                0x000000000000053e       0x2c /opt/homebrew/Cellar/arm-none-eabi-gcc/10.3-2021.10/gcc/bin/../lib/gcc/arm-none-eabi/10.3.1/../../../../arm-none-eabi/lib/thumb/v6-m/nofp/libc_nano.a(lib_a-wbuf.o)
 .ARM.attributes
                0x000000000000056a       0x2c /opt/homebrew/Cellar/arm-none-eabi-gcc/10.3-2021.10/gcc/bin/../lib/gcc/arm-none-eabi/10.3.1/../../../../arm-none-eabi/lib/thumb/v6-m/nofp/libc_nano.a(lib_a-writer.o)
 .ARM.attributes
                0x0000000000000596       0x2c /opt/homebrew/Cellar/arm-none-eabi-gcc/10.3-2021.10/gcc/bin/../lib/gcc/arm-none-eabi/10.3.1/../../../../arm-none-eabi/lib/thumb/v6-m/nofp/libc_nano.a(lib_a-wsetup.o)
 .ARM.attributes
                0x00000000000005c2       0x2c /opt/homebrew/Cellar/arm-none-eabi-gcc/10.3-2021.10/gcc/bin/../lib/gcc/arm-none-eabi/10.3.1/../../../../arm-none-eabi/lib/thumb/v6-m/nofp/libc_nano.a(lib_a-closer.o)
 .ARM.attributes
                0x00000000000005ee       0x2c /opt/homebrew/Cellar/arm-none-eabi-gcc/10.3-2021.10/gcc/bin/../lib/gcc/arm-none-eabi/10.3.1/../../../../arm-none-eabi/lib/thumb/v6-m/nofp/libc_nano.a(lib_a-fstatr.o)
 .ARM.attributes
                0x000000000000061a       0x2c /opt/homebrew/Cellar/arm-none-eabi-gcc/10.3-2021.10/gcc/bin/../lib/gcc/arm-none-eabi/10.3.1/../../../../arm-none-eabi/lib/thumb/v6-m/nofp/libc_nano.a(lib_a-isattyr.o)
 .ARM.attributes
                0x0000000000000646       0x2c /opt/homebrew/Cellar/arm-none-eabi-gcc/10.3-2021.10/gcc/bin/../lib/gcc/arm-none-eabi/10.3.1/../../../../arm-none-eabi/lib/thumb/v6-m/nofp/libc_nano.a(lib_a-lseekr.o)
 .ARM.attributes
                0x0000000000000672       0x2c /opt/homebrew/Cellar/arm-none-eabi-gcc/10.3-2021.10/gcc/bin/../lib/gcc/arm-none-eabi/10.3.1/../../../../arm-none-eabi/lib/thumb/v6-m/nofp/libc_nano.a(lib_a-memchr-stub.o)
 .ARM.attributes
                0x000000000000069e       0x2c /opt/homebrew/Cellar/arm-none-eabi-gcc/10.3-2021.10/gcc/bin/../lib/gcc/arm-none-eabi/10.3.1/../../../../arm-none-eabi/lib/thumb/v6-m/nofp/libc_nano.a(lib_a-mlock.o)
 .ARM.attributes
                0x00000000000006ca       0x2c /opt/homebrew/Cellar/arm-none-eabi-gcc/10.3-2021.10/gcc/bin/../lib/gcc/arm-none-eabi/10.3.1/../../../../arm-none-eabi/lib/thumb/v6-m/nofp/libc_nano.a(lib_a-readr.o)
 .ARM.attributes
                0x00000000000006f6       0x2c /opt/homebrew/Cellar/arm-none-eabi-gcc/10.3-2021.10/gcc/bin/../lib/gcc/arm-none-eabi/10.3.1/../../../../arm-none-eabi/lib/thumb/v6-m/nofp/libc_nano.a(lib_a-reent.o)
 .ARM.attributes
                0x0000000000000722       0x1e /opt/homebrew/Cellar/arm-none-eabi-gcc/10.3-2021.10/gcc/bin/../lib/gcc/arm-none-eabi/10.3.1/thumb/v6-m/nofp/libgcc.a(_thumb1_case_shi.o)
 .ARM.attributes
                0x0000000000000740       0x2c /opt/homebrew/Cellar/arm-none-eabi-gcc/10.3-2021.10/gcc/bin/../lib/gcc/arm-none-eabi/10.3.1/../../../../arm-none-eabi/lib/thumb/v6-m/nofp/libnosys.a(sbrk.o)
 .ARM.attributes
                0x000000000000076c       0x1e /opt/homebrew/Cellar/arm-none-eabi-gcc/10.3-2021.10/gcc/bin/../lib/gcc/arm-none-eabi/10.3.1/thumb/v6-m/nofp/crtn.o
OUTPUT(Build/app.elf elf32-littlearm)
LOAD linker stubs
LOAD /opt/homebrew/Cellar/arm-none-eabi-gcc/10.3-2021.10/gcc/bin/../lib/gcc/arm-none-eabi/10.3.1/../../../../arm-none-eabi/lib/thumb/v6-m/nofp/libc.a
LOAD /opt/homebrew/Cellar/arm-none-eabi-gcc/10.3-2021.10/gcc/bin/../lib/gcc/arm-none-eabi/10.3.1/../../../../arm-none-eabi/lib/thumb/v6-m/nofp/libm.a
LOAD /opt/homebrew/Cellar/arm-none-eabi-gcc/10.3-2021.10/gcc/bin/../lib/gcc/arm-none-eabi/10.3.1/thumb/v6-m/nofp/libgcc.a

.debug_frame    0x0000000000000000      0xfc0
 .debug_frame   0x0000000000000000       0x2c /opt/homebrew/Cellar/arm-none-eabi-gcc/10.3-2021.10/gcc/bin/../lib/gcc/arm-none-eabi/10.3.1/../../../../arm-none-eabi/lib/thumb/v6-m/nofp/libc_nano.a(lib_a-init.o)
 .debug_frame   0x000000000000002c       0x20 /opt/homebrew/Cellar/arm-none-eabi-gcc/10.3-2021.10/gcc/bin/../lib/gcc/arm-none-eabi/10.3.1/../../../../arm-none-eabi/lib/thumb/v6-m/nofp/libc_nano.a(lib_a-memset.o)
 .debug_frame   0x000000000000004c       0xdc ./Build/User/main.o
 .debug_frame   0x0000000000000128       0x8c ./Build/User/py32f0xx_it.o
 .debug_frame   0x00000000000001b4       0x50 ./Build/Libraries/PY32F0xx_LL_Driver/Src/py32f0xx_ll_gpio.o
 .debug_frame   0x0000000000000204      0x1e4 ./Build/Libraries/PY32F0xx_LL_Driver/Src/py32f0xx_ll_tim.o
 .debug_frame   0x00000000000003e8       0x58 ./Build/Libraries/PY32F0xx_LL_Driver/Src/py32f0xx_ll_i2c.o
 .debug_frame   0x0000000000000440       0xb8 ./Build/Libraries/PY32F0xx_LL_Driver/Src/py32f0xx_ll_rcc.o
 .debug_frame   0x00000000000004f8       0x5c ./Build/Libraries/PY32F0xx_LL_Driver/Src/py32f0xx_ll_utils.o
 .debug_frame   0x0000000000000554      0x194 ./Build/Libraries/PY32F0xx_LL_BSP/Src/py32f0xx_bsp_printf.o
 .debug_frame   0x00000000000006e8       0x58 ./Build/Libraries/PY32F0xx_LL_BSP/Src/py32f0xx_bsp_clock.o
 .debug_frame   0x0000000000000740       0x30 ./Build/Libraries/CMSIS/Device/PY32F0xx/Source/system_py32f0xx.o
 .debug_frame   0x0000000000000770       0x20 /opt/homebrew/Cellar/arm-none-eabi-gcc/10.3-2021.10/gcc/bin/../lib/gcc/arm-none-eabi/10.3.1/thumb/v6-m/nofp/libgcc.a(_udivsi3.o)
 .debug_frame   0x0000000000000790       0x20 /opt/homebrew/Cellar/arm-none-eabi-gcc/10.3-2021.10/gcc/bin/../lib/gcc/arm-none-eabi/10.3.1/thumb/v6-m/nofp/libgcc.a(_divsi3.o)
 .debug_frame   0x00000000000007b0       0x20 /opt/homebrew/Cellar/arm-none-eabi-gcc/10.3-2021.10/gcc/bin/../lib/gcc/arm-none-eabi/10.3.1/../../../../arm-none-eabi/lib/thumb/v6-m/nofp/libc_nano.a(lib_a-errno.o)
 .debug_frame   0x00000000000007d0       0x50 /opt/homebrew/Cellar/arm-none-eabi-gcc/10.3-2021.10/gcc/bin/../lib/gcc/arm-none-eabi/10.3.1/../../../../arm-none-eabi/lib/thumb/v6-m/nofp/libc_nano.a(lib_a-printf.o)
 .debug_frame   0x0000000000000820       0x68 /opt/homebrew/Cellar/arm-none-eabi-gcc/10.3-2021.10/gcc/bin/../lib/gcc/arm-none-eabi/10.3.1/../../../../arm-none-eabi/lib/thumb/v6-m/nofp/libc_nano.a(lib_a-fflush.o)
 .debug_frame   0x0000000000000888      0x170 /opt/homebrew/Cellar/arm-none-eabi-gcc/10.3-2021.10/gcc/bin/../lib/gcc/arm-none-eabi/10.3.1/../../../../arm-none-eabi/lib/thumb/v6-m/nofp/libc_nano.a(lib_a-findfp.o)
 .debug_frame   0x00000000000009f8       0x58 /opt/homebrew/Cellar/arm-none-eabi-gcc/10.3-2021.10/gcc/bin/../lib/gcc/arm-none-eabi/10.3.1/../../../../arm-none-eabi/lib/thumb/v6-m/nofp/libc_nano.a(lib_a-fwalk.o)
 .debug_frame   0x0000000000000a50       0xb0 /opt/homebrew/Cellar/arm-none-eabi-gcc/10.3-2021.10/gcc/bin/../lib/gcc/arm-none-eabi/10.3.1/../../../../arm-none-eabi/lib/thumb/v6-m/nofp/libc_nano.a(lib_a-lock.o)
 .debug_frame   0x0000000000000b00       0x54 /opt/homebrew/Cellar/arm-none-eabi-gcc/10.3-2021.10/gcc/bin/../lib/gcc/arm-none-eabi/10.3.1/../../../../arm-none-eabi/lib/thumb/v6-m/nofp/libc_nano.a(lib_a-makebuf.o)
 .debug_frame   0x0000000000000b54       0x2c /opt/homebrew/Cellar/arm-none-eabi-gcc/10.3-2021.10/gcc/bin/../lib/gcc/arm-none-eabi/10.3.1/../../../../arm-none-eabi/lib/thumb/v6-m/nofp/libc_nano.a(lib_a-nano-freer.o)
 .debug_frame   0x0000000000000b80       0x50 /opt/homebrew/Cellar/arm-none-eabi-gcc/10.3-2021.10/gcc/bin/../lib/gcc/arm-none-eabi/10.3.1/../../../../arm-none-eabi/lib/thumb/v6-m/nofp/libc_nano.a(lib_a-nano-mallocr.o)
 .debug_frame   0x0000000000000bd0       0x9c /opt/homebrew/Cellar/arm-none-eabi-gcc/10.3-2021.10/gcc/bin/../lib/gcc/arm-none-eabi/10.3.1/../../../../arm-none-eabi/lib/thumb/v6-m/nofp/libc_nano.a(lib_a-nano-vfprintf.o)
 .debug_frame   0x0000000000000c6c       0x54 /opt/homebrew/Cellar/arm-none-eabi-gcc/10.3-2021.10/gcc/bin/../lib/gcc/arm-none-eabi/10.3.1/../../../../arm-none-eabi/lib/thumb/v6-m/nofp/libc_nano.a(lib_a-nano-vfprintf_i.o)
 .debug_frame   0x0000000000000cc0       0x2c /opt/homebrew/Cellar/arm-none-eabi-gcc/10.3-2021.10/gcc/bin/../lib/gcc/arm-none-eabi/10.3.1/../../../../arm-none-eabi/lib/thumb/v6-m/nofp/libc_nano.a(lib_a-sbrkr.o)
 .debug_frame   0x0000000000000cec       0x90 /opt/homebrew/Cellar/arm-none-eabi-gcc/10.3-2021.10/gcc/bin/../lib/gcc/arm-none-eabi/10.3.1/../../../../arm-none-eabi/lib/thumb/v6-m/nofp/libc_nano.a(lib_a-stdio.o)
 .debug_frame   0x0000000000000d7c       0x48 /opt/homebrew/Cellar/arm-none-eabi-gcc/10.3-2021.10/gcc/bin/../lib/gcc/arm-none-eabi/10.3.1/../../../../arm-none-eabi/lib/thumb/v6-m/nofp/libc_nano.a(lib_a-wbuf.o)
 .debug_frame   0x0000000000000dc4       0x2c /opt/homebrew/Cellar/arm-none-eabi-gcc/10.3-2021.10/gcc/bin/../lib/gcc/arm-none-eabi/10.3.1/../../../../arm-none-eabi/lib/thumb/v6-m/nofp/libc_nano.a(lib_a-writer.o)
 .debug_frame   0x0000000000000df0       0x2c /opt/homebrew/Cellar/arm-none-eabi-gcc/10.3-2021.10/gcc/bin/../lib/gcc/arm-none-eabi/10.3.1/../../../../arm-none-eabi/lib/thumb/v6-m/nofp/libc_nano.a(lib_a-wsetup.o)
 .debug_frame   0x0000000000000e1c       0x2c /opt/homebrew/Cellar/arm-none-eabi-gcc/10.3-2021.10/gcc/bin/../lib/gcc/arm-none-eabi/10.3.1/../../../../arm-none-eabi/lib/thumb/v6-m/nofp/libc_nano.a(lib_a-closer.o)
 .debug_frame   0x0000000000000e48       0x2c /opt/homebrew/Cellar/arm-none-eabi-gcc/10.3-2021.10/gcc/bin/../lib/gcc/arm-none-eabi/10.3.1/../../../../arm-none-eabi/lib/thumb/v6-m/nofp/libc_nano.a(lib_a-fstatr.o)
 .debug_frame   0x0000000000000e74       0x2c /opt/homebrew/Cellar/arm-none-eabi-gcc/10.3-2021.10/gcc/bin/../lib/gcc/arm-none-eabi/10.3.1/../../../../arm-none-eabi/lib/thumb/v6-m/nofp/libc_nano.a(lib_a-isattyr.o)
 .debug_frame   0x0000000000000ea0       0x2c /opt/homebrew/Cellar/arm-none-eabi-gcc/10.3-2021.10/gcc/bin/../lib/gcc/arm-none-eabi/10.3.1/../../../../arm-none-eabi/lib/thumb/v6-m/nofp/libc_nano.a(lib_a-lseekr.o)
 .debug_frame   0x0000000000000ecc       0x20 /opt/homebrew/Cellar/arm-none-eabi-gcc/10.3-2021.10/gcc/bin/../lib/gcc/arm-none-eabi/10.3.1/../../../../arm-none-eabi/lib/thumb/v6-m/nofp/libc_nano.a(lib_a-memchr-stub.o)
 .debug_frame   0x0000000000000eec       0x40 /opt/homebrew/Cellar/arm-none-eabi-gcc/10.3-2021.10/gcc/bin/../lib/gcc/arm-none-eabi/10.3.1/../../../../arm-none-eabi/lib/thumb/v6-m/nofp/libc_nano.a(lib_a-mlock.o)
 .debug_frame   0x0000000000000f2c       0x2c /opt/homebrew/Cellar/arm-none-eabi-gcc/10.3-2021.10/gcc/bin/../lib/gcc/arm-none-eabi/10.3.1/../../../../arm-none-eabi/lib/thumb/v6-m/nofp/libc_nano.a(lib_a-readr.o)
 .debug_frame   0x0000000000000f58       0x48 /opt/homebrew/Cellar/arm-none-eabi-gcc/10.3-2021.10/gcc/bin/../lib/gcc/arm-none-eabi/10.3.1/../../../../arm-none-eabi/lib/thumb/v6-m/nofp/libc_nano.a(lib_a-reent.o)
 .debug_frame   0x0000000000000fa0       0x20 /opt/homebrew/Cellar/arm-none-eabi-gcc/10.3-2021.10/gcc/bin/../lib/gcc/arm-none-eabi/10.3.1/../../../../arm-none-eabi/lib/thumb/v6-m/nofp/libnosys.a(sbrk.o)

.debug_info     0x0000000000000000     0x763a
 .debug_info    0x0000000000000000     0x16a2 ./Build/User/main.o
 .debug_info    0x00000000000016a2      0x92a ./Build/User/py32f0xx_it.o
 .debug_info    0x0000000000001fcc      0x7e2 ./Build/Libraries/PY32F0xx_LL_Driver/Src/py32f0xx_ll_gpio.o
 .debug_info    0x00000000000027ae     0x1232 ./Build/Libraries/PY32F0xx_LL_Driver/Src/py32f0xx_ll_tim.o
 .debug_info    0x00000000000039e0      0x6f8 ./Build/Libraries/PY32F0xx_LL_Driver/Src/py32f0xx_ll_i2c.o
 .debug_info    0x00000000000040d8      0x827 ./Build/Libraries/PY32F0xx_LL_Driver/Src/py32f0xx_ll_rcc.o
 .debug_info    0x00000000000048ff      0x494 ./Build/Libraries/PY32F0xx_LL_Driver/Src/py32f0xx_ll_utils.o
 .debug_info    0x0000000000004d93     0x1cb6 ./Build/Libraries/PY32F0xx_LL_BSP/Src/py32f0xx_bsp_printf.o
 .debug_info    0x0000000000006a49      0x7be ./Build/Libraries/PY32F0xx_LL_BSP/Src/py32f0xx_bsp_clock.o
 .debug_info    0x0000000000007207      0x411 ./Build/Libraries/CMSIS/Device/PY32F0xx/Source/system_py32f0xx.o
 .debug_info    0x0000000000007618       0x22 ./Build/Libraries/CMSIS/Device/PY32F0xx/Source/gcc/startup_py32f002a.o

.debug_abbrev   0x0000000000000000     0x176f
 .debug_abbrev  0x0000000000000000      0x360 ./Build/User/main.o
 .debug_abbrev  0x0000000000000360      0x1af ./Build/User/py32f0xx_it.o
 .debug_abbrev  0x000000000000050f      0x20c ./Build/Libraries/PY32F0xx_LL_Driver/Src/py32f0xx_ll_gpio.o
 .debug_abbrev  0x000000000000071b      0x2a2 ./Build/Libraries/PY32F0xx_LL_Driver/Src/py32f0xx_ll_tim.o
 .debug_abbrev  0x00000000000009bd      0x23c ./Build/Libraries/PY32F0xx_LL_Driver/Src/py32f0xx_ll_i2c.o
 .debug_abbrev  0x0000000000000bf9      0x285 ./Build/Libraries/PY32F0xx_LL_Driver/Src/py32f0xx_ll_rcc.o
 .debug_abbrev  0x0000000000000e7e      0x289 ./Build/Libraries/PY32F0xx_LL_Driver/Src/py32f0xx_ll_utils.o
 .debug_abbrev  0x0000000000001107      0x366 ./Build/Libraries/PY32F0xx_LL_BSP/Src/py32f0xx_bsp_printf.o
 .debug_abbrev  0x000000000000146d      0x1bb ./Build/Libraries/PY32F0xx_LL_BSP/Src/py32f0xx_bsp_clock.o
 .debug_abbrev  0x0000000000001628      0x135 ./Build/Libraries/CMSIS/Device/PY32F0xx/Source/system_py32f0xx.o
 .debug_abbrev  0x000000000000175d       0x12 ./Build/Libraries/CMSIS/Device/PY32F0xx/Source/gcc/startup_py32f002a.o

.debug_loc      0x0000000000000000     0x2ce0
 .debug_loc     0x0000000000000000      0x635 ./Build/User/main.o
 .debug_loc     0x0000000000000635      0x1cf ./Build/User/py32f0xx_it.o
 .debug_loc     0x0000000000000804      0x38a ./Build/Libraries/PY32F0xx_LL_Driver/Src/py32f0xx_ll_gpio.o
 .debug_loc     0x0000000000000b8e      0xf95 ./Build/Libraries/PY32F0xx_LL_Driver/Src/py32f0xx_ll_tim.o
 .debug_loc     0x0000000000001b23      0x2d6 ./Build/Libraries/PY32F0xx_LL_Driver/Src/py32f0xx_ll_i2c.o
 .debug_loc     0x0000000000001df9      0x2f6 ./Build/Libraries/PY32F0xx_LL_Driver/Src/py32f0xx_ll_rcc.o
 .debug_loc     0x00000000000020ef      0x17c ./Build/Libraries/PY32F0xx_LL_Driver/Src/py32f0xx_ll_utils.o
 .debug_loc     0x000000000000226b      0x8e0 ./Build/Libraries/PY32F0xx_LL_BSP/Src/py32f0xx_bsp_printf.o
 .debug_loc     0x0000000000002b4b      0x122 ./Build/Libraries/PY32F0xx_LL_BSP/Src/py32f0xx_bsp_clock.o
 .debug_loc     0x0000000000002c6d       0x73 ./Build/Libraries/CMSIS/Device/PY32F0xx/Source/system_py32f0xx.o

.debug_aranges  0x0000000000000000      0x378
 .debug_aranges
                0x0000000000000000       0x58 ./Build/User/main.o
 .debug_aranges
                0x0000000000000058       0x50 ./Build/User/py32f0xx_it.o
 .debug_aranges
                0x00000000000000a8       0x30 ./Build/Libraries/PY32F0xx_LL_Driver/Src/py32f0xx_ll_gpio.o
 .debug_aranges
                0x00000000000000d8       0xc0 ./Build/Libraries/PY32F0xx_LL_Driver/Src/py32f0xx_ll_tim.o
 .debug_aranges
                0x0000000000000198       0x30 ./Build/Libraries/PY32F0xx_LL_Driver/Src/py32f0xx_ll_i2c.o
 .debug_aranges
                0x00000000000001c8       0x60 ./Build/Libraries/PY32F0xx_LL_Driver/Src/py32f0xx_ll_rcc.o
 .debug_aranges
                0x0000000000000228       0x38 ./Build/Libraries/PY32F0xx_LL_Driver/Src/py32f0xx_ll_utils.o
 .debug_aranges
                0x0000000000000260       0x98 ./Build/Libraries/PY32F0xx_LL_BSP/Src/py32f0xx_bsp_printf.o
 .debug_aranges
                0x00000000000002f8       0x30 ./Build/Libraries/PY32F0xx_LL_BSP/Src/py32f0xx_bsp_clock.o
 .debug_aranges
                0x0000000000000328       0x28 ./Build/Libraries/CMSIS/Device/PY32F0xx/Source/system_py32f0xx.o
 .debug_aranges
                0x0000000000000350       0x28 ./Build/Libraries/CMSIS/Device/PY32F0xx/Source/gcc/startup_py32f002a.o

.debug_ranges   0x0000000000000000      0x3b0
 .debug_ranges  0x0000000000000000       0x80 ./Build/User/main.o
 .debug_ranges  0x0000000000000080       0x40 ./Build/User/py32f0xx_it.o
 .debug_ranges  0x00000000000000c0       0x68 ./Build/Libraries/PY32F0xx_LL_Driver/Src/py32f0xx_ll_gpio.o
 .debug_ranges  0x0000000000000128       0xe0 ./Build/Libraries/PY32F0xx_LL_Driver/Src/py32f0xx_ll_tim.o
 .debug_ranges  0x0000000000000208       0x50 ./Build/Libraries/PY32F0xx_LL_Driver/Src/py32f0xx_ll_i2c.o
 .debug_ranges  0x0000000000000258       0x50 ./Build/Libraries/PY32F0xx_LL_Driver/Src/py32f0xx_ll_rcc.o
 .debug_ranges  0x00000000000002a8       0x28 ./Build/Libraries/PY32F0xx_LL_Driver/Src/py32f0xx_ll_utils.o
 .debug_ranges  0x00000000000002d0       0x88 ./Build/Libraries/PY32F0xx_LL_BSP/Src/py32f0xx_bsp_printf.o
 .debug_ranges  0x0000000000000358       0x20 ./Build/Libraries/PY32F0xx_LL_BSP/Src/py32f0xx_bsp_clock.o
 .debug_ranges  0x0000000000000378       0x18 ./Build/Libraries/CMSIS/Device/PY32F0xx/Source/system_py32f0xx.o
 .debug_ranges  0x0000000000000390       0x20 ./Build/Libraries/CMSIS/Device/PY32F0xx/Source/gcc/startup_py32f002a.o

.debug_line     0x0000000000000000     0x3856
 .debug_line    0x0000000000000000      0x8a2 ./Build/User/main.o
 .debug_line    0x00000000000008a2      0x3fe ./Build/User/py32f0xx_it.o
 .debug_line    0x0000000000000ca0      0x3f6 ./Build/Libraries/PY32F0xx_LL_Driver/Src/py32f0xx_ll_gpio.o
 .debug_line    0x0000000000001096      0xa11 ./Build/Libraries/PY32F0xx_LL_Driver/Src/py32f0xx_ll_tim.o
 .debug_line    0x0000000000001aa7      0x330 ./Build/Libraries/PY32F0xx_LL_Driver/Src/py32f0xx_ll_i2c.o
 .debug_line    0x0000000000001dd7      0x5c7 ./Build/Libraries/PY32F0xx_LL_Driver/Src/py32f0xx_ll_rcc.o
 .debug_line    0x000000000000239e      0x382 ./Build/Libraries/PY32F0xx_LL_Driver/Src/py32f0xx_ll_utils.o
 .debug_line    0x0000000000002720      0x961 ./Build/Libraries/PY32F0xx_LL_BSP/Src/py32f0xx_bsp_printf.o
 .debug_line    0x0000000000003081      0x498 ./Build/Libraries/PY32F0xx_LL_BSP/Src/py32f0xx_bsp_clock.o
 .debug_line    0x0000000000003519      0x29d ./Build/Libraries/CMSIS/Device/PY32F0xx/Source/system_py32f0xx.o
 .debug_line    0x00000000000037b6       0xa0 ./Build/Libraries/CMSIS/Device/PY32F0xx/Source/gcc/startup_py32f002a.o

.debug_str      0x0000000000000000     0x1ddf
 .debug_str     0x0000000000000000      0x857 ./Build/User/main.o
                                        0x90b (size before relaxing)
 .debug_str     0x0000000000000857      0x235 ./Build/User/py32f0xx_it.o
                                        0x489 (size before relaxing)
 .debug_str     0x0000000000000a8c      0x10b ./Build/Libraries/PY32F0xx_LL_Driver/Src/py32f0xx_ll_gpio.o
                                        0x3d2 (size before relaxing)
 .debug_str     0x0000000000000b97      0x488 ./Build/Libraries/PY32F0xx_LL_Driver/Src/py32f0xx_ll_tim.o
                                        0x878 (size before relaxing)
 .debug_str     0x000000000000101f      0x14d ./Build/Libraries/PY32F0xx_LL_Driver/Src/py32f0xx_ll_i2c.o
                                        0x433 (size before relaxing)
 .debug_str     0x000000000000116c      0x281 ./Build/Libraries/PY32F0xx_LL_Driver/Src/py32f0xx_ll_rcc.o
                                        0x518 (size before relaxing)
 .debug_str     0x00000000000013ed      0x153 ./Build/Libraries/PY32F0xx_LL_Driver/Src/py32f0xx_ll_utils.o
                                        0x333 (size before relaxing)
 .debug_str     0x0000000000001540      0x702 ./Build/Libraries/PY32F0xx_LL_BSP/Src/py32f0xx_bsp_printf.o
                                        0xae5 (size before relaxing)
 .debug_str     0x0000000000001c42       0xd4 ./Build/Libraries/PY32F0xx_LL_BSP/Src/py32f0xx_bsp_clock.o
                                        0x410 (size before relaxing)
 .debug_str     0x0000000000001d16       0x7c ./Build/Libraries/CMSIS/Device/PY32F0xx/Source/system_py32f0xx.o
                                        0x2e9 (size before relaxing)
 .debug_str     0x0000000000001d92       0x4d ./Build/Libraries/CMSIS/Device/PY32F0xx/Source/gcc/startup_py32f002a.o
                                         0x79 (size before relaxing)

.comment        0x0000000000000000       0x49
 .comment       0x0000000000000000       0x49 ./Build/User/main.o
                                         0x4a (size before relaxing)
 .comment       0x0000000000000049       0x4a ./Build/User/py32f0xx_it.o
 .comment       0x0000000000000049       0x4a ./Build/Libraries/PY32F0xx_LL_Driver/Src/py32f0xx_ll_gpio.o
 .comment       0x0000000000000049       0x4a ./Build/Libraries/PY32F0xx_LL_Driver/Src/py32f0xx_ll_tim.o
 .comment       0x0000000000000049       0x4a ./Build/Libraries/PY32F0xx_LL_Driver/Src/py32f0xx_ll_i2c.o
 .comment       0x0000000000000049       0x4a ./Build/Libraries/PY32F0xx_LL_Driver/Src/py32f0xx_ll_rcc.o
 .comment       0x0000000000000049       0x4a ./Build/Libraries/PY32F0xx_LL_Driver/Src/py32f0xx_ll_utils.o
 .comment       0x0000000000000049       0x4a ./Build/Libraries/PY32F0xx_LL_BSP/Src/py32f0xx_bsp_printf.o
 .comment       0x0000000000000049       0x4a ./Build/Libraries/PY32F0xx_LL_BSP/Src/py32f0xx_bsp_clock.o
 .comment       0x0000000000000049       0x4a ./Build/Libraries/CMSIS/Device/PY32F0xx/Source/system_py32f0xx.o
